
 Start         Length     Name                   Class
 0001:00000000 000E88D0H .text                   CODE
 0002:00000000 00002D80H .data                   DATA
 0002:00002D80 00000E69H .bss                    BSS


Detailed map of segments

 0001:00000000 000055A7 C=CODE     S=.text    G=(none)   M=System   ACBP=A9
 0001:000055A8 00000140 C=CODE     S=.text    G=(none)   M=SysInit  ACBP=A9
 0001:000056E8 00000090 C=CODE     S=.text    G=(none)   M=Types    ACBP=A9
 0001:00005778 00000E7C C=CODE     S=.text    G=(none)   M=Windows  ACBP=A9
 0001:000065F4 00000038 C=CODE     S=.text    G=(none)   M=Messages ACBP=A9
 0001:0000662C 00000388 C=CODE     S=.text    G=(none)   M=SysConst ACBP=A9
 0001:000069B4 000074E0 C=CODE     S=.text    G=(none)   M=SysUtils ACBP=A9
 0001:0000DE94 00000823 C=CODE     S=.text    G=(none)   M=VarUtils ACBP=A9
 0001:0000E6B8 00008402 C=CODE     S=.text    G=(none)   M=Variants ACBP=A9
 0001:00016ABC 00000180 C=CODE     S=.text    G=(none)   M=RTLConsts ACBP=A9
 0001:00016C3C 00001888 C=CODE     S=.text    G=(none)   M=TypInfo  ACBP=A9
 0001:000184C4 000000EC C=CODE     S=.text    G=(none)   M=ActiveX  ACBP=A9
 0001:000185B0 0000B276 C=CODE     S=.text    G=(none)   M=Classes  ACBP=A9
 0001:00023828 00000338 C=CODE     S=.text    G=(none)   M=Consts   ACBP=A9
 0001:00023B60 000097F7 C=CODE     S=.text    G=(none)   M=Graphics ACBP=A9
 0001:0002D358 00000048 C=CODE     S=.text    G=(none)   M=Math     ACBP=A9
 0001:0002D3A0 00000314 C=CODE     S=.text    G=(none)   M=Contnrs  ACBP=A9
 0001:0002D6B4 000002B4 C=CODE     S=.text    G=(none)   M=CommCtrl ACBP=A9
 0001:0002D968 00000787 C=CODE     S=.text    G=(none)   M=MultiMon ACBP=A9
 0001:0002E0F0 00000038 C=CODE     S=.text    G=(none)   M=Imm      ACBP=A9
 0001:0002E128 00000FF8 C=CODE     S=.text    G=(none)   M=HelpIntfs ACBP=A9
 0001:0002F120 00000038 C=CODE     S=.text    G=(none)   M=WinSpool ACBP=A9
 0001:0002F158 00000044 C=CODE     S=.text    G=(none)   M=Printers ACBP=A9
 0001:0002F19C 0000031F C=CODE     S=.text    G=(none)   M=FlatSB   ACBP=A9
 0001:0002F4BC 000001A4 C=CODE     S=.text    G=(none)   M=SyncObjs ACBP=A9
 0001:0002F660 000009BB C=CODE     S=.text    G=(none)   M=UxTheme  ACBP=A9
 0001:0003001C 00000038 C=CODE     S=.text    G=(none)   M=RichEdit ACBP=A9
 0001:00030054 00000038 C=CODE     S=.text    G=(none)   M=ToolWin  ACBP=A9
 0001:0003008C 00000048 C=CODE     S=.text    G=(none)   M=ShellAPI ACBP=A9
 0001:000300D4 00000038 C=CODE     S=.text    G=(none)   M=RegStr   ACBP=A9
 0001:0003010C 00000038 C=CODE     S=.text    G=(none)   M=WinInet  ACBP=A9
 0001:00030144 00000038 C=CODE     S=.text    G=(none)   M=UrlMon   ACBP=A9
 0001:0003017C 0000006C C=CODE     S=.text    G=(none)   M=ShlObj   ACBP=A9
 0001:000301E8 00000048 C=CODE     S=.text    G=(none)   M=CommDlg  ACBP=A9
 0001:00030230 00000038 C=CODE     S=.text    G=(none)   M=Dlgs     ACBP=A9
 0001:00030268 0000240D C=CODE     S=.text    G=(none)   M=Dialogs  ACBP=A9
 0001:00032678 00004A02 C=CODE     S=.text    G=(none)   M=ExtCtrls ACBP=A9
 0001:0003707C 000000B8 C=CODE     S=.text    G=(none)   M=ComStrs  ACBP=A9
 0001:00037134 0000069C C=CODE     S=.text    G=(none)   M=Clipbrd  ACBP=A9
 0001:000377D0 00000038 C=CODE     S=.text    G=(none)   M=StrUtils ACBP=A9
 0001:00037808 00003821 C=CODE     S=.text    G=(none)   M=Buttons  ACBP=A9
 0001:0003B02C 00000038 C=CODE     S=.text    G=(none)   M=ExtDlgs  ACBP=A9
 0001:0003B064 00001014 C=CODE     S=.text    G=(none)   M=IniFiles ACBP=A9
 0001:0003C078 00000068 C=CODE     S=.text    G=(none)   M=Registry ACBP=A9
 0001:0003C0E0 0000006C C=CODE     S=.text    G=(none)   M=Mapi     ACBP=A9
 0001:0003C14C 00000058 C=CODE     S=.text    G=(none)   M=ExtActns ACBP=A9
 0001:0003C1A4 00000038 C=CODE     S=.text    G=(none)   M=ListActns ACBP=A9
 0001:0003C1DC 00006B30 C=CODE     S=.text    G=(none)   M=ComCtrls ACBP=A9
 0001:00042D0C 00000D40 C=CODE     S=.text    G=(none)   M=Themes   ACBP=A9
 0001:00043A4C 0000CC3C C=CODE     S=.text    G=(none)   M=StdCtrls ACBP=A9
 0001:00050688 00000168 C=CODE     S=.text    G=(none)   M=StdActns ACBP=A9
 0001:000507F0 00000D1F C=CODE     S=.text    G=(none)   M=WinHelpViewer ACBP=A9
 0001:00051510 00011297 C=CODE     S=.text    G=(none)   M=Controls ACBP=A9
 0001:000627A8 00001292 C=CODE     S=.text    G=(none)   M=ActnList ACBP=A9
 0001:00063A3C 00001C04 C=CODE     S=.text    G=(none)   M=ImgList  ACBP=A9
 0001:00065640 00006639 C=CODE     S=.text    G=(none)   M=Menus    ACBP=A9
 0001:0006BC7C 0000C4C8 C=CODE     S=.text    G=(none)   M=Forms    ACBP=A9
 0001:00078144 00000A60 C=CODE     S=.text    G=(none)   M=MaskUtils ACBP=A9
 0001:00078BA4 000029E8 C=CODE     S=.text    G=(none)   M=Mask     ACBP=A9
 0001:0007B58C 0000924C C=CODE     S=.text    G=(none)   M=Grids    ACBP=A9
 0001:000847D8 00001BFC C=CODE     S=.text    G=(none)   M=Spin     ACBP=A9
 0001:000863D4 00000060 C=CODE     S=.text    G=(none)   M=ComConst ACBP=A9
 0001:00086434 000011B5 C=CODE     S=.text    G=(none)   M=ComObj   ACBP=A9
 0001:000875EC 00000040 C=CODE     S=.text    G=(none)   M=OleConst ACBP=A9
 0001:0008762C 00000916 C=CODE     S=.text    G=(none)   M=OleServer ACBP=A9
 0001:00087F44 00000038 C=CODE     S=.text    G=(none)   M=StdVCL   ACBP=A9
 0001:00087F7C 00000038 C=CODE     S=.text    G=(none)   M=Office2000 ACBP=A9
 0001:00087FB4 00000038 C=CODE     S=.text    G=(none)   M=VBIDE2000 ACBP=A9
 0001:00087FEC 00000E90 C=CODE     S=.text    G=(none)   M=Word2000 ACBP=A9
 0001:00088E7C 00000070 C=CODE     S=.text    G=(none)   M=DateUtils ACBP=A9
 0001:00088EEC 00000038 C=CODE     S=.text    G=(none)   M=OfficeXP ACBP=A9
 0001:00088F24 00000038 C=CODE     S=.text    G=(none)   M=VBIDEXP  ACBP=A9
 0001:00088F5C 000018E4 C=CODE     S=.text    G=(none)   M=WordXP   ACBP=A9
 0001:0008A840 00000160 C=CODE     S=.text    G=(none)   M=DBConsts ACBP=A9
 0001:0008A9A0 00000F67 C=CODE     S=.text    G=(none)   M=SqlTimSt ACBP=A9
 0001:0008B908 00004AEF C=CODE     S=.text    G=(none)   M=FMTBcd   ACBP=A9
 0001:000903F8 0001109C C=CODE     S=.text    G=(none)   M=DB       ACBP=A9
 0001:000A1494 00000038 C=CODE     S=.text    G=(none)   M=DBCommon ACBP=A9
 0001:000A14CC 00000210 C=CODE     S=.text    G=(none)   M=IBUtils  ACBP=A9
 0001:000A16DC 00000038 C=CODE     S=.text    G=(none)   M=IBExternals ACBP=A9
 0001:000A1714 00000038 C=CODE     S=.text    G=(none)   M=IBInstallHeader ACBP=A9
 0001:000A174C 00000400 C=CODE     S=.text    G=(none)   M=IBXConst ACBP=A9
 0001:000A1B4C 00000B3C C=CODE     S=.text    G=(none)   M=IB       ACBP=A9
 0001:000A2688 00000BF8 C=CODE     S=.text    G=(none)   M=IBIntf   ACBP=A9
 0001:000A3280 00000048 C=CODE     S=.text    G=(none)   M=IBHeader ACBP=A9
 0001:000A32C8 00000038 C=CODE     S=.text    G=(none)   M=IBErrorCodes ACBP=A9
 0001:000A3300 000007A4 C=CODE     S=.text    G=(none)   M=IBCustomDataSet ACBP=A9
 0001:000A3AA4 00000790 C=CODE     S=.text    G=(none)   M=IBBlob   ACBP=A9
 0001:000A4234 0000015C C=CODE     S=.text    G=(none)   M=IBServices ACBP=A9
 0001:000A4390 0000255C C=CODE     S=.text    G=(none)   M=IBSQLMonitor ACBP=A9
 0001:000A68EC 00000294 C=CODE     S=.text    G=(none)   M=IBDatabaseInfo ACBP=A9
 0001:000A6B80 000040EC C=CODE     S=.text    G=(none)   M=IBDatabase ACBP=A9
 0001:000AAC6C 0000371C C=CODE     S=.text    G=(none)   M=IBSQL    ACBP=A9
 0001:000AE388 00000068 C=CODE     S=.text    G=(none)   M=MMSystem ACBP=A9
 0001:000AE3F0 00002B68 C=CODE     S=.text    G=(none)   M=MPlayer  ACBP=A9
 0001:000B0F58 00003244 C=CODE     S=.text    G=(none)   M=uAudio   ACBP=A9
 0001:000B419C 00003094 C=CODE     S=.text    G=(none)   M=uTxt     ACBP=A9
 0001:000B7230 00005C14 C=CODE     S=.text    G=(none)   M=uData    ACBP=A9
 0001:000BCE44 00000050 C=CODE     S=.text    G=(none)   M=JConsts  ACBP=A9
 0001:000BCE94 000133EC C=CODE     S=.text    G=(none)   M=jpeg     ACBP=A9
 0001:000D0280 00000978 C=CODE     S=.text    G=(none)   M=uLogin   ACBP=A9
 0001:000D0BF8 000023D8 C=CODE     S=.text    G=(none)   M=uQuest   ACBP=A9
 0001:000D2FD0 00004998 C=CODE     S=.text    G=(none)   M=uClient  ACBP=A9
 0001:000D7968 00000C68 C=CODE     S=.text    G=(none)   M=uFind    ACBP=A9
 0001:000D85D0 00003C08 C=CODE     S=.text    G=(none)   M=uClientU ACBP=A9
 0001:000DC1D8 0000BF98 C=CODE     S=.text    G=(none)   M=uMain    ACBP=A9
 0001:000E8170 000002F8 C=CODE     S=.text    G=(none)   M=uSplash  ACBP=A9
 0001:000E8468 00000468 C=CODE     S=.text    G=(none)   M=Worker   ACBP=A9
 0002:00000000 000000A0 C=DATA     S=.data    G=DGROUP   M=System   ACBP=A9
 0002:000000A0 00000020 C=DATA     S=.data    G=DGROUP   M=SysInit  ACBP=A9
 0002:000000C0 00000274 C=DATA     S=.data    G=DGROUP   M=SysUtils ACBP=A9
 0002:00000334 00000110 C=DATA     S=.data    G=DGROUP   M=VarUtils ACBP=A9
 0002:00000444 0000013A C=DATA     S=.data    G=DGROUP   M=Variants ACBP=A9
 0002:00000580 0000000C C=DATA     S=.data    G=DGROUP   M=TypInfo  ACBP=A9
 0002:0000058C 00000010 C=DATA     S=.data    G=DGROUP   M=ActiveX  ACBP=A9
 0002:0000059C 000000E4 C=DATA     S=.data    G=DGROUP   M=Classes  ACBP=A9
 0002:00000680 0000030C C=DATA     S=.data    G=DGROUP   M=Graphics ACBP=A9
 0002:0000098C 00000004 C=DATA     S=.data    G=DGROUP   M=Printers ACBP=A9
 0002:00000990 00000114 C=DATA     S=.data    G=DGROUP   M=Dialogs  ACBP=A9
 0002:00000AA4 0000018C C=DATA     S=.data    G=DGROUP   M=ExtCtrls ACBP=A9
 0002:00000C30 0000009E C=DATA     S=.data    G=DGROUP   M=Buttons  ACBP=A9
 0002:00000CD0 00000008 C=DATA     S=.data    G=DGROUP   M=IniFiles ACBP=A9
 0002:00000CD8 00000008 C=DATA     S=.data    G=DGROUP   M=Registry ACBP=A9
 0002:00000CE0 00000008 C=DATA     S=.data    G=DGROUP   M=Mapi     ACBP=A9
 0002:00000CE8 000000A4 C=DATA     S=.data    G=DGROUP   M=ComCtrls ACBP=A9
 0002:00000D8C 00000068 C=DATA     S=.data    G=DGROUP   M=Themes   ACBP=A9
 0002:00000DF4 00000178 C=DATA     S=.data    G=DGROUP   M=StdCtrls ACBP=A9
 0002:00000F6C 0000013C C=DATA     S=.data    G=DGROUP   M=Controls ACBP=A9
 0002:000010A8 00000020 C=DATA     S=.data    G=DGROUP   M=ImgList  ACBP=A9
 0002:000010C8 000000EC C=DATA     S=.data    G=DGROUP   M=Menus    ACBP=A9
 0002:000011B4 0000011C C=DATA     S=.data    G=DGROUP   M=Forms    ACBP=A9
 0002:000012D0 00000009 C=DATA     S=.data    G=DGROUP   M=MaskUtils ACBP=A9
 0002:000012DC 00000004 C=DATA     S=.data    G=DGROUP   M=Mask     ACBP=A9
 0002:000012E0 00000006 C=DATA     S=.data    G=DGROUP   M=Grids    ACBP=A9
 0002:000012E8 00000030 C=DATA     S=.data    G=DGROUP   M=ComObj   ACBP=A9
 0002:00001318 0000003C C=DATA     S=.data    G=DGROUP   M=Word2000 ACBP=A9
 0002:00001354 0000003C C=DATA     S=.data    G=DGROUP   M=WordXP   ACBP=A9
 0002:00001390 0000003C C=DATA     S=.data    G=DGROUP   M=SqlTimSt ACBP=A9
 0002:000013CC 00000065 C=DATA     S=.data    G=DGROUP   M=FMTBcd   ACBP=A9
 0002:00001434 00000186 C=DATA     S=.data    G=DGROUP   M=DB       ACBP=A9
 0002:000015BC 000001E0 C=DATA     S=.data    G=DGROUP   M=IB       ACBP=A9
 0002:0000179C 00000098 C=DATA     S=.data    G=DGROUP   M=IBCustomDataSet ACBP=A9
 0002:00001834 00000030 C=DATA     S=.data    G=DGROUP   M=IBServices ACBP=A9
 0002:00001864 00000018 C=DATA     S=.data    G=DGROUP   M=IBSQLMonitor ACBP=A9
 0002:0000187C 0000015C C=DATA     S=.data    G=DGROUP   M=IBDatabase ACBP=A9
 0002:000019D8 00000064 C=DATA     S=.data    G=DGROUP   M=MPlayer  ACBP=A9
 0002:00001A3C 00000190 C=DATA     S=.data    G=DGROUP   M=uData    ACBP=A9
 0002:00001BCC 00000908 C=DATA     S=.data    G=DGROUP   M=jpeg     ACBP=A9
 0002:00003000 00000664 C=BSS      S=.bss     G=DGROUP   M=System   ACBP=A9
 0002:00003664 00000010 C=BSS      S=.bss     G=DGROUP   M=SysInit  ACBP=A9
 0002:00003674 00000004 C=BSS      S=.bss     G=DGROUP   M=Types    ACBP=A9
 0002:00003678 00000004 C=BSS      S=.bss     G=DGROUP   M=Windows  ACBP=A9
 0002:0000367C 00000004 C=BSS      S=.bss     G=DGROUP   M=Messages ACBP=A9
 0002:00003680 00000004 C=BSS      S=.bss     G=DGROUP   M=SysConst ACBP=A9
 0002:00003684 00000120 C=BSS      S=.bss     G=DGROUP   M=SysUtils ACBP=A9
 0002:000037A4 0000005C C=BSS      S=.bss     G=DGROUP   M=VarUtils ACBP=A9
 0002:00003800 00000040 C=BSS      S=.bss     G=DGROUP   M=Variants ACBP=A9
 0002:00003840 00000004 C=BSS      S=.bss     G=DGROUP   M=RTLConsts ACBP=A9
 0002:00003844 00000004 C=BSS      S=.bss     G=DGROUP   M=TypInfo  ACBP=A9
 0002:00003848 00000004 C=BSS      S=.bss     G=DGROUP   M=ActiveX  ACBP=A9
 0002:0000384C 00000044 C=BSS      S=.bss     G=DGROUP   M=Classes  ACBP=A9
 0002:00003890 00000004 C=BSS      S=.bss     G=DGROUP   M=Consts   ACBP=A9
 0002:00003894 00000060 C=BSS      S=.bss     G=DGROUP   M=Graphics ACBP=A9
 0002:000038F4 00000004 C=BSS      S=.bss     G=DGROUP   M=Math     ACBP=A9
 0002:000038F8 00000004 C=BSS      S=.bss     G=DGROUP   M=Contnrs  ACBP=A9
 0002:000038FC 0000000C C=BSS      S=.bss     G=DGROUP   M=CommCtrl ACBP=A9
 0002:00003908 00000031 C=BSS      S=.bss     G=DGROUP   M=MultiMon ACBP=A9
 0002:0000393C 00000004 C=BSS      S=.bss     G=DGROUP   M=Imm      ACBP=A9
 0002:00003940 00000008 C=BSS      S=.bss     G=DGROUP   M=HelpIntfs ACBP=A9
 0002:00003948 00000004 C=BSS      S=.bss     G=DGROUP   M=WinSpool ACBP=A9
 0002:0000394C 00000004 C=BSS      S=.bss     G=DGROUP   M=Printers ACBP=A9
 0002:00003950 00000034 C=BSS      S=.bss     G=DGROUP   M=FlatSB   ACBP=A9
 0002:00003984 00000004 C=BSS      S=.bss     G=DGROUP   M=SyncObjs ACBP=A9
 0002:00003988 000000CC C=BSS      S=.bss     G=DGROUP   M=UxTheme  ACBP=A9
 0002:00003A54 00000004 C=BSS      S=.bss     G=DGROUP   M=RichEdit ACBP=A9
 0002:00003A58 00000004 C=BSS      S=.bss     G=DGROUP   M=ToolWin  ACBP=A9
 0002:00003A5C 00000004 C=BSS      S=.bss     G=DGROUP   M=ShellAPI ACBP=A9
 0002:00003A60 00000004 C=BSS      S=.bss     G=DGROUP   M=RegStr   ACBP=A9
 0002:00003A64 00000004 C=BSS      S=.bss     G=DGROUP   M=WinInet  ACBP=A9
 0002:00003A68 00000004 C=BSS      S=.bss     G=DGROUP   M=UrlMon   ACBP=A9
 0002:00003A6C 00000004 C=BSS      S=.bss     G=DGROUP   M=ShlObj   ACBP=A9
 0002:00003A70 00000004 C=BSS      S=.bss     G=DGROUP   M=CommDlg  ACBP=A9
 0002:00003A74 00000004 C=BSS      S=.bss     G=DGROUP   M=Dlgs     ACBP=A9
 0002:00003A78 00000038 C=BSS      S=.bss     G=DGROUP   M=Dialogs  ACBP=A9
 0002:00003AB0 00000004 C=BSS      S=.bss     G=DGROUP   M=ExtCtrls ACBP=A9
 0002:00003AB4 00000004 C=BSS      S=.bss     G=DGROUP   M=ComStrs  ACBP=A9
 0002:00003AB8 0000000C C=BSS      S=.bss     G=DGROUP   M=Clipbrd  ACBP=A9
 0002:00003AC4 00000004 C=BSS      S=.bss     G=DGROUP   M=StrUtils ACBP=A9
 0002:00003AC8 00000030 C=BSS      S=.bss     G=DGROUP   M=Buttons  ACBP=A9
 0002:00003AF8 00000004 C=BSS      S=.bss     G=DGROUP   M=ExtDlgs  ACBP=A9
 0002:00003AFC 00000004 C=BSS      S=.bss     G=DGROUP   M=IniFiles ACBP=A9
 0002:00003B00 00000004 C=BSS      S=.bss     G=DGROUP   M=Registry ACBP=A9
 0002:00003B04 00000004 C=BSS      S=.bss     G=DGROUP   M=Mapi     ACBP=A9
 0002:00003B08 00000009 C=BSS      S=.bss     G=DGROUP   M=ExtActns ACBP=A9
 0002:00003B14 00000004 C=BSS      S=.bss     G=DGROUP   M=ListActns ACBP=A9
 0002:00003B18 00000010 C=BSS      S=.bss     G=DGROUP   M=ComCtrls ACBP=A9
 0002:00003B28 00000008 C=BSS      S=.bss     G=DGROUP   M=Themes   ACBP=A9
 0002:00003B30 00000004 C=BSS      S=.bss     G=DGROUP   M=StdCtrls ACBP=A9
 0002:00003B34 00000004 C=BSS      S=.bss     G=DGROUP   M=StdActns ACBP=A9
 0002:00003B38 00000014 C=BSS      S=.bss     G=DGROUP   M=WinHelpViewer ACBP=A9
 0002:00003B4C 00000080 C=BSS      S=.bss     G=DGROUP   M=Controls ACBP=A9
 0002:00003BCC 00000004 C=BSS      S=.bss     G=DGROUP   M=ActnList ACBP=A9
 0002:00003BD0 0000000C C=BSS      S=.bss     G=DGROUP   M=ImgList  ACBP=A9
 0002:00003BDC 00000010 C=BSS      S=.bss     G=DGROUP   M=Menus    ACBP=A9
 0002:00003BEC 00000020 C=BSS      S=.bss     G=DGROUP   M=Forms    ACBP=A9
 0002:00003C0C 00000004 C=BSS      S=.bss     G=DGROUP   M=MaskUtils ACBP=A9
 0002:00003C10 00000004 C=BSS      S=.bss     G=DGROUP   M=Mask     ACBP=A9
 0002:00003C14 00000004 C=BSS      S=.bss     G=DGROUP   M=Grids    ACBP=A9
 0002:00003C18 00000004 C=BSS      S=.bss     G=DGROUP   M=Spin     ACBP=A9
 0002:00003C1C 00000004 C=BSS      S=.bss     G=DGROUP   M=ComConst ACBP=A9
 0002:00003C20 00000011 C=BSS      S=.bss     G=DGROUP   M=ComObj   ACBP=A9
 0002:00003C34 00000004 C=BSS      S=.bss     G=DGROUP   M=OleConst ACBP=A9
 0002:00003C38 00000004 C=BSS      S=.bss     G=DGROUP   M=OleServer ACBP=A9
 0002:00003C3C 00000004 C=BSS      S=.bss     G=DGROUP   M=StdVCL   ACBP=A9
 0002:00003C40 00000004 C=BSS      S=.bss     G=DGROUP   M=Office2000 ACBP=A9
 0002:00003C44 00000004 C=BSS      S=.bss     G=DGROUP   M=VBIDE2000 ACBP=A9
 0002:00003C48 00000004 C=BSS      S=.bss     G=DGROUP   M=Word2000 ACBP=A9
 0002:00003C4C 00000004 C=BSS      S=.bss     G=DGROUP   M=DateUtils ACBP=A9
 0002:00003C50 00000004 C=BSS      S=.bss     G=DGROUP   M=OfficeXP ACBP=A9
 0002:00003C54 00000004 C=BSS      S=.bss     G=DGROUP   M=VBIDEXP  ACBP=A9
 0002:00003C58 00000004 C=BSS      S=.bss     G=DGROUP   M=WordXP   ACBP=A9
 0002:00003C5C 00000004 C=BSS      S=.bss     G=DGROUP   M=DBConsts ACBP=A9
 0002:00003C60 00000004 C=BSS      S=.bss     G=DGROUP   M=SqlTimSt ACBP=A9
 0002:00003C64 00000004 C=BSS      S=.bss     G=DGROUP   M=FMTBcd   ACBP=A9
 0002:00003C68 00000010 C=BSS      S=.bss     G=DGROUP   M=DB       ACBP=A9
 0002:00003C78 00000004 C=BSS      S=.bss     G=DGROUP   M=DBCommon ACBP=A9
 0002:00003C7C 00000004 C=BSS      S=.bss     G=DGROUP   M=IBUtils  ACBP=A9
 0002:00003C80 00000004 C=BSS      S=.bss     G=DGROUP   M=IBExternals ACBP=A9
 0002:00003C84 00000004 C=BSS      S=.bss     G=DGROUP   M=IBInstallHeader ACBP=A9
 0002:00003C88 00000004 C=BSS      S=.bss     G=DGROUP   M=IBXConst ACBP=A9
 0002:00003C8C 0000001D C=BSS      S=.bss     G=DGROUP   M=IB       ACBP=A9
 0002:00003CAC 000000E8 C=BSS      S=.bss     G=DGROUP   M=IBIntf   ACBP=A9
 0002:00003D94 00000004 C=BSS      S=.bss     G=DGROUP   M=IBHeader ACBP=A9
 0002:00003D98 00000004 C=BSS      S=.bss     G=DGROUP   M=IBErrorCodes ACBP=A9
 0002:00003D9C 00000004 C=BSS      S=.bss     G=DGROUP   M=IBCustomDataSet ACBP=A9
 0002:00003DA0 00000004 C=BSS      S=.bss     G=DGROUP   M=IBBlob   ACBP=A9
 0002:00003DA4 00000004 C=BSS      S=.bss     G=DGROUP   M=IBServices ACBP=A9
 0002:00003DA8 0000005C C=BSS      S=.bss     G=DGROUP   M=IBSQLMonitor ACBP=A9
 0002:00003E04 00000004 C=BSS      S=.bss     G=DGROUP   M=IBDatabaseInfo ACBP=A9
 0002:00003E08 00000004 C=BSS      S=.bss     G=DGROUP   M=IBDatabase ACBP=A9
 0002:00003E0C 00000004 C=BSS      S=.bss     G=DGROUP   M=IBSQL    ACBP=A9
 0002:00003E10 00000004 C=BSS      S=.bss     G=DGROUP   M=MMSystem ACBP=A9
 0002:00003E14 00000004 C=BSS      S=.bss     G=DGROUP   M=MPlayer  ACBP=A9
 0002:00003E18 00000004 C=BSS      S=.bss     G=DGROUP   M=uAudio   ACBP=A9
 0002:00003E1C 00000004 C=BSS      S=.bss     G=DGROUP   M=uTxt     ACBP=A9
 0002:00003E20 00000008 C=BSS      S=.bss     G=DGROUP   M=uData    ACBP=A9
 0002:00003E28 00000004 C=BSS      S=.bss     G=DGROUP   M=JConsts  ACBP=A9
 0002:00003E2C 00000004 C=BSS      S=.bss     G=DGROUP   M=jpeg     ACBP=A9
 0002:00003E30 00000008 C=BSS      S=.bss     G=DGROUP   M=uLogin   ACBP=A9
 0002:00003E38 00000008 C=BSS      S=.bss     G=DGROUP   M=uQuest   ACBP=A9
 0002:00003E40 00000008 C=BSS      S=.bss     G=DGROUP   M=uClient  ACBP=A9
 0002:00003E48 00000008 C=BSS      S=.bss     G=DGROUP   M=uFind    ACBP=A9
 0002:00003E50 00000008 C=BSS      S=.bss     G=DGROUP   M=uClientU ACBP=A9
 0002:00003E58 00000008 C=BSS      S=.bss     G=DGROUP   M=uMain    ACBP=A9
 0002:00003E60 00000008 C=BSS      S=.bss     G=DGROUP   M=uSplash  ACBP=A9


  Address         Publics by Name

 0001:000C0040       ..
 0001:000C656C       ..
 0001:000CC27C       ..
 0001:000BFB7C       ..
 0001:000BE9B4       ..
 0001:000C7D90       ..
 0002:00001C58       ..
 0001:000C2620       ..
 0001:000C6278       ..
 0001:000CCFBC       ..
 0001:000C51E8       ..
 0001:000CADC8       ..
 0002:00001E74       ..
 0001:000C9D0C       ..
 0001:000C4B10       ..
 0001:000C683C       ..
 0001:000CF4F0       ..
 0001:000C9E1C       ..
 0001:000C3810       ..
 0002:00001D68       ..
 0001:000CC7B8       ..
 0002:00001C68       ..
 0001:000BF618       ..
 0001:000C0780       ..
 0001:000C2BC8       ..
 0001:000CC120       ..
 0001:000CE484       ..
 0001:000C14A8       ..
 0002:00001CE8       ..
 0001:000C2034       ..
 0002:00002074       ..
 0002:00002414       ..
 0001:000CDF6C       ..
 0001:000CD644       ..
 0001:000CB5F0       ..
 0002:00003D9C       .01
 0002:00003A74       .1
 0002:00003970       .1
 0002:00003C7C       .1
 0002:0000367C       .1
 0002:00003680       .1
 0002:00003840       .1
 0002:00003674       .1
 0002:00003C80       .1
 0002:00003C4C       .1
 0002:00003A70       .1
 0002:00003E28       .1
 0002:00003A6C       .1
 0002:00003A68       .1
 0002:00003A64       .1
 0002:00003A60       .1
 0002:00003A5C       .1
 0002:00003C84       .1
 0002:00003890       .1
 0002:00003B40       .1
 0002:00003C88       .1
 0002:000038FC       .1
 0002:00003C5C       .1
 0002:00003C60       .1
 0002:00003D84       .1
 0002:0000366C       .1
 0002:00003C1C       .1
 0002:0000393C       .1
 0002:00003B04       .1
 0002:00003C34       .1
 0002:00003AB4       .1
 0002:00003A54       .1
 0002:00003928       .1
 0002:00003A44       .1
 0002:00003D94       .1
 0002:00003D98       .1
 0002:00003C3C       .1
 0002:00003AC4       .1
 0002:00003E0C       .11
 0002:00003C14       .11
 0002:00003A78       .11
 0002:00003898       .12
 0002:00003AB0       .12
 0002:00003C0C       .2
 0002:00003E34       .2
 0002:00003E64       .2
 0002:00003940       .2
 0002:00003ABC       .2
 0002:00003B28       .2
 0002:00003E4C       .2
 0002:00003E5C       .2
 0002:00003E04       .2
 0002:00003E44       .2
 0002:00003E54       .2
 0002:00003E3C       .2
 0002:00003DA0       .2
 0002:000038F4       .2
 0002:00003E1C       .2
 0002:00003E18       .2
 0002:000038F8       .21
 0002:00003DA4       .23
 0002:00003BD0       .3
 0002:00003E2C       .3
 0002:00003C78       .3
 0002:00003848       .3
 0002:00003C64       .3
 0002:00003678       .3
 0002:00003E14       .3
 0002:0000394C       .3
 0002:00003DA8       .3
 0002:00003948       .3
 0002:00003C38       .3
 0002:00003AF8       .3
 0002:00003794       .35
 0002:00003C74       .36
 0002:00003B18       .36
 0002:00003AC8       .4
 0002:00003C40       .4
 0002:00003E24       .4
 0002:00003A58       .4
 0002:00003C20       .41
 0002:00003BF4       .41
 0002:00003B30       .42
 0002:00003858       .45
 0002:00003C10       .5
 0002:00003B00       .5
 0002:000035BC       .5
 0002:00003C50       .5
 0002:000037FC       .5
 0002:00003C18       .5
 0002:00003C48       .51
 0002:00003C58       .51
 0002:00003984       .6
 0002:00003844       .6
 0002:00003CA4       .6
 0002:00003E10       .7
 0002:00003B08       .72
 0002:00003B54       .72
 0002:00003B34       .73
 0002:00003AFC       .8
 0002:00003E08       .8
 0002:00003BCC       .8
 0002:00003B14       .8
 0002:00003C44       .81
 0002:00003C54       .81
 0002:00003820       .81
 0002:00003BE4       .9
 0001:00001C6C       @AbstractError
 0001:00002878       @AfterConstruction
 0001:000026AC       @AsClass
 0001:00001E10       @AStrCmp
 0001:00002888       @BeforeDestruction
 0001:00002434       @BoundErr
 0001:000026F8       @CallDynaInst
 0001:00004FE4       @CheckAutoResult
 0001:00002820       @ClassCreate
 0001:00002870       @ClassDestroy
 0001:00001CDC       @Close
 0001:00001988       @Copy
 0001:00003FB0       @CopyArray
 0001:00003E94       @CopyRecord
 0001:0000411C       @DispCallByIDError
 0001:0000F40C       @DispInvokeError
 0001:000040B8       @Dispose
 0001:00002D04       @DoneExcept
 0001:00004864       @DynArrayAsg
 0001:00004828       @DynArrayClear
 0001:00004714       @DynArrayCopy
 0001:00004734       @DynArrayCopyRange
 0001:00004554       @DynArrayHigh
 0001:0000454C       @DynArrayLength
 0001:00004708       @DynArraySetLength
 0001:00002DEC       @ExceptionHandler
 0001:00001E80       @FillChar
 0001:00003E70       @Finalize
 0001:00003D84       @FinalizeArray
 0001:00003D38       @FinalizeRecord
 0001:00002710       @FindDynaInst
 0001:00002428       @FpuInit
 0001:00002364       @FpuMaskInit
 0001:00001C18       @FRAC
 0001:00001810       @FreeMem
 0001:000017F0       @GetMem
 0001:00005620       @GetTls
 0001:00003234       @Halt
 0001:0000315C       @Halt0
 0001:0000299C       @HandleAnyException
 0001:00002C50       @HandleFinally
 0001:00002AC8       @HandleOnException
 0001:0000566C       @InitExe
 0001:00003D2C       @Initialize
 0001:00003C98       @InitializeArray
 0001:00003C68       @InitializeRecord
 0001:00003020       @InitImports
 0001:00002FF8       @InitResStringImports
 0001:00002FD4       @InitResStrings
 0001:00004F48       @IntfAddRef
 0001:00004F18       @IntfCast
 0001:00004ED4       @IntfClear
 0001:00004EEC       @IntfCopy
 0001:0000243C       @IntOver
 0001:00002688       @IsClass
 0001:00002334       @isNECWindows
 0001:000C9C5C       @jcopy_block_row
 0001:000C9C10       @jcopy_sample_rows
 0001:000C9BE8       @jdiv_round_up
 0001:000C377C       @jinit_1pass_quantizer
 0001:000C49F0       @jinit_2pass_quantizer
 0001:000CD3F8       @jinit_color_converter
 0001:000C29FC       @jinit_color_deconverter
 0001:000CAD1C       @jinit_compress_master
 0001:000CCEF4       @jinit_c_coef_controller
 0001:000CC1F8       @jinit_c_main_controller
 0001:000CC058       @jinit_c_master_control
 0001:000CC710       @jinit_c_prep_controller
 0001:000CDDE4       @jinit_downsampler
 0001:000C6164       @jinit_d_coef_controller
 0001:000C5108       @jinit_d_main_controller
 0001:000C64D8       @jinit_d_post_controller
 0001:000CE408       @jinit_forward_dct
 0001:000C1FF4       @jinit_huff_decoder
 0001:000D014C       @jinit_huff_encoder
 0001:000BFB34       @jinit_input_controller
 0001:000C67C0       @jinit_inverse_dct
 0001:000C9A8C       @jinit_marker_reader
 0001:000CB59C       @jinit_marker_writer
 0001:000C0748       @jinit_master_decompress
 0001:000BF4E0       @jinit_memory_mgr
 0001:000C25A0       @jinit_merged_upsampler
 0001:000C1434       @jinit_phuff_decoder
 0001:000CEF14       @jinit_phuff_encoder
 0001:000C6D20       @jinit_upsampler
 0001:000C9C7C       @jpeg_abort
 0001:000C9CF4       @jpeg_alloc_huff_table
 0001:000C9CDC       @jpeg_alloc_quant_table
 0001:000CF1C4       @jpeg_fdct_float
 0001:000CEF58       @jpeg_fdct_ifast
 0001:000C18DC       @jpeg_fill_bit_buffer
 0001:000BF5EC       @jpeg_free_large
 0001:000BF5DC       @jpeg_free_small
 0001:000CFE90       @jpeg_gen_optimal_table
 0001:000BF5E4       @jpeg_get_large
 0001:000BF5D4       @jpeg_get_small
 0001:000C1A28       @jpeg_huff_decode
 0001:000C7D54       @jpeg_idct_1x1
 0001:000C7B64       @jpeg_idct_2x2
 0001:000C77B0       @jpeg_idct_4x4
 0001:000C6F38       @jpeg_idct_float
 0001:000C737C       @jpeg_idct_ifast
 0001:000CF680       @jpeg_make_c_derived_tbl
 0001:000C15E0       @jpeg_make_d_derived_tbl
 0001:000BF5F4       @jpeg_mem_available
 0001:000BF610       @jpeg_mem_init
 0001:000BF614       @jpeg_mem_term
 0001:000BF600       @jpeg_open_backing_store
 0001:000C9958       @jpeg_resync_to_restart
 0001:000CAAE0       @jpeg_suppress_tables
 0001:000C9BF8       @jround_up
 0001:000C9C6C       @jzero_far
 0001:000019CC       @LGetDir
 0001:00003780       @LStrAddRef
 0001:000032F4       @LStrArrayClr
 0001:00003324       @LStrAsg
 0001:00003598       @LStrCat
 0001:000035DC       @LStrCat3
 0001:00003650       @LStrCatN
 0001:000032D0       @LStrClr
 0001:000036DC       @LStrCmp
 0001:000037F0       @LStrCopy
 0001:00003830       @LStrDelete
 0001:00003540       @LStrFromArray
 0001:000034B8       @LStrFromChar
 0001:000034C8       @LStrFromPChar
 0001:000033C0       @LStrFromPCharLen
 0001:000034F8       @LStrFromPWChar
 0001:0000342C       @LStrFromPWCharLen
 0001:00003534       @LStrFromString
 0001:00003558       @LStrFromWStr
 0001:00003878       @LStrInsert
 0001:00003368       @LStrLAsg
 0001:00003590       @LStrLen
 0001:00003980       @LStrOfChar
 0001:000038D4       @LStrPos
 0001:0000391C       @LStrSetLength
 0001:00003790       @LStrToPChar
 0001:0000356C       @LStrToString
 0001:000040A4       @New
 0001:00003394       @NewAnsiString
 0001:000039B4       @NewWideString
 0001:00013B5C       @OleVarFromInt
 0001:00013E60       @OleVarFromLStr
 0001:00013F1C       @OleVarFromVar
 0001:00002048       @Pow10
 0001:00001D8C       @PStrCmp
 0001:00001D64       @PStrCpy
 0001:00001D34       @PStrNCat
 0001:00001D70       @PStrNCpy
 0001:00002CB0       @RaiseAgain
 0001:00002C88       @RaiseExcept
 0001:00001EA0       @RandInt
 0001:00001830       @ReallocMem
 0001:00001C3C       @ROUND
 0001:00003240       @RunError
 0001:0000202C       @SetEq
 0001:00001BF0       @SetLength
 0001:00002F94       @StartExe
 0001:00004300       @Str0Int64
 0001:00001F1C       @Str0Long
 0001:00004240       @StrInt64
 0001:000003C8       @strlen
 0001:00001EBC       @StrLong
 0001:00001C48       @TRUNC
 0001:00002D34       @TryFinallyExit
 0001:000037E8       @UniqueStringA
 0001:0000431C       @ValInt64
 0001:00001F28       @ValLong
 0001:000149AC       @VarAddRef
 0001:000150C8       @VarArrayGet
 0001:000151B8       @VarArrayPut
 0001:0000FF64       @VarCast
 0001:0000F6F8       @VarClear
 0001:00003D6C       @VarClr
 0001:0000F70C       @VarClr
 0001:00016968       @VarCmpEQ
 0001:00016988       @VarCmpGT
 0001:00016978       @VarCmpLT
 0001:00003E7C       @VarCopy
 0001:0000FA20       @VarCopy
 0001:0000FCA0       @VarCopyNoInd
 0001:00013CF0       @VarFromBool
 0001:00013B7C       @VarFromByte
 0001:00013D40       @VarFromCurr
 0001:00013C98       @VarFromCurrency
 0001:00013CC4       @VarFromDate
 0001:00013E34       @VarFromDisp
 0001:00013C6C       @VarFromDouble
 0001:00013B00       @VarFromInt
 0001:00013C1C       @VarFromInt64
 0001:00013B3C       @VarFromInteger
 0001:00013E08       @VarFromIntf
 0001:00013BBC       @VarFromLongWord
 0001:00013D54       @VarFromLStr
 0001:00013D80       @VarFromPStr
 0001:00013D18       @VarFromReal
 0001:00013BDC       @VarFromShortInt
 0001:00013C48       @VarFromSingle
 0001:00013BFC       @VarFromSmallInt
 0001:00013D2C       @VarFromTDateTime
 0001:00013B9C       @VarFromWord
 0001:00013DD0       @VarFromWStr
 0001:0000F460       @VarNull
 0001:0000FCB4       @VarStringToOleStr
 0001:00011730       @VarToBool
 0001:000113E8       @VarToBoolean
 0001:00010828       @VarToByte
 0001:000125D4       @VarToCurrency
 0001:0001206C       @VarToDate
 0001:00013A54       @VarToDisp
 0001:000118FC       @VarToDouble
 0001:00010DEC       @VarToInt64
 0001:00010328       @VarToInteger
 0001:00013988       @VarToIntf
 0001:00010AA0       @VarToLongWord
 0001:00012C88       @VarToLStr
 0001:00011C78       @VarToReal
 0001:00010778       @VarToShortInt
 0001:00011C94       @VarToSingle
 0001:000108D0       @VarToSmallInt
 0001:000109C8       @VarToWord
 0001:000133B0       @VarToWStr
 0001:000039F4       @WStrArrayClr
 0001:00003A18       @WStrAsg
 0001:000039DC       @WStrClr
 0001:00003B54       @WStrCmp
 0001:00003BD8       @WStrCopy
 0001:00003B28       @WStrFromLStr
 0001:00003A3C       @WStrFromPCharLen
 0001:00003AEC       @WStrFromPWChar
 0001:00003AC8       @WStrFromPWCharLen
 0001:00003B48       @WStrLen
 0001:00003C24       @WStrSetLength
 0001:00003B38       @WStrToPWChar
 0001:00002008       @_CLenToPasStr
 0001:00001FFC       @_CToPasStr
 0001:00001958       @_IOTest
 0001:00004148       @_lldiv
 0001:000041C4       @_llmod
 0001:00004124       @_llmul
 0002:00001A3C       a
 0001:0000BBAC       Abort
 0001:000546EC       AbsMin
 0001:0000BF78       AbstractErrorHandler
 0002:0000302C       AbstractErrorProc
 0002:00000144       AccessMode
 0001:000018C0       AcquireExceptionObject
 0001:0001AD9C       ActivateClassGroup
 0001:00005D9C       ActivateKeyboardLayout
 0002:00003B88       ActiveDrag
 0001:000185A8       ActiveX
 0001:00063A10       ActnList
 0001:000004FC       AddBlockAfter
 0001:0008CA48       AddChars
 0001:0008FAF0       AddCurrency
 0001:0008F2C0       AddCurrencySymbol
 0002:0000059C       AddDataModule
 0001:0008EBCC       AddDigit
 0001:00007678       AddExitProc
 0001:000967D4       AddFieldDefs
 0001:00096A08       AddFields
 0001:0001E8FC       AddFinished
 0001:00067274       AddIn
 0001:0008FDE0       AddLiterals
 0001:00004D78       AddModuleUnloadProc
 0001:00004D68       AddModuleUnloadProc
 0001:0008F3A0       AddNegCurrencySymbol
 0001:0008E134       AddNormalizedFractions
 0001:0001E934       AddNotFinished
 0001:0008EBB0       AddOneChar
 0001:0008CB04       AddStrings
 0001:0001F358       AddSubComponentsToLoaded
 0001:00021800       AddThread
 0001:000ADA5C       AddToProcessedSQL
 0002:000013AC       AdjustAmt
 0002:000013C4       AdjustAmt
 0002:000013B4       AdjustAmt
 0002:000013BC       AdjustAmt
 0001:00027A10       AdjustColor
 0001:000355B4       AdjustColors
 0001:0008D560       AdjustDecimalPosition
 0001:0009FCE0       AdjustFirstRecord
 0001:00007984       AdjustLineBreaks
 0001:0006E28C       Adjustment
 0001:0008E48C       AdjustNibbles
 0001:00005DA4       AdjustWindowRectEx
 0001:0000D2C0       AL1
 0002:00000314       AL1s
 0001:0000D2D0       AL2
 0002:00000324       AL2s
 0002:0000119C       Alignments
 0002:00000F48       Alignments
 0002:00000DFC       Alignments
 0002:00000AAC       Alignments
 0002:00000EE4       Alignments
 0002:00000ED4       Alignments
 0002:0000118C       Alignments
 0002:00000E3C       Alignments
 0002:00000D18       AlignStyles
 0001:00075184       AlignWork
 0001:00059D58       AlignWork
 0001:00023608       AllocateHWnd
 0001:000310F8       AllocFilterStr
 0001:0000762C       AllocMem
 0002:000035B4       AllocMemCount
 0002:000035B8       AllocMemSize
 0001:0002D150       AllocPatternBitmap
 0001:000055C8       AllocTlsBuffer
 0001:0000D300       ALR
 0001:0000D2E8       ALV
 0002:00000F78       AnchorAlign
 0002:00000F6C       AnimateWindowProc
 0002:00001074       AnimationStyle
 0001:00007858       AnsiCompareStr
 0001:00007890       AnsiCompareText
 0001:00008204       AnsiLastChar
 0001:00005DAC       AnsiLower
 0001:00007824       AnsiLowerCase
 0001:0000C930       AnsiLowerCaseFileName
 0001:0000C8F8       AnsiPos
 0001:0006BA88       AnsiSameCaption
 0001:000078C8       AnsiSameText
 0001:000078E0       AnsiStrLIComp
 0001:0000C9BC       AnsiStrPos
 0001:0000CA5C       AnsiStrRScan
 0001:0000CA84       AnsiStrScan
 0001:00005364       AnsiToUtf8
 0001:000077F0       AnsiUpperCase
 0001:00013910       AnyToIntf
 0001:00009E00       AppendChars
 0001:0000A1C4       AppendFormat
 0001:00009E64       AppendNumber
 0001:00009E44       AppendString
 0002:00003BEC       Application
 0002:000005AC       ApplicationHandleException
 0002:000005B4       ApplicationShowException
 0002:000012C8       AppVisible
 0002:000012DC       ArrowKey
 0001:0000BF5C       AssertErrorHandler
 0002:00003024       AssertErrorProc
 0001:00017C4C       AssignLongStr
 0001:000182C8       AssignVariant
 0001:000972C0       AttributeSetStored
 0002:0000360C       avail
 0002:00001BA4       b
 0001:00008394       BackfillGetDiskFreeSpaceEx
 0001:00057280       BackgroundClipped
 0001:0000E12C       BackupVarBoolFromStr
 0001:0000E28C       BackupVarBStrFromBool
 0001:0000E1AC       BackupVarBStrFromCy
 0001:0000E21C       BackupVarBStrFromDate
 0001:0000E0C0       BackupVarCyFromStr
 0001:0000E054       BackupVarDateFromStr
 0001:0000DF10       BackupVarI4FromStr
 0001:0000DEBC       BackupVariantChangeTypeEx
 0001:0000DF7C       BackupVarR4FromStr
 0001:0000DFE8       BackupVarR8FromStr
 0002:00001594       BaseFieldTypes
 0002:0000045C       BaseTypeMap
 0001:0008EA60       BcdAdd
 0001:0008E63C       BcdCompare
 0001:0008F730       BcdCurrencyFormat
 0001:0008E8A4       BcdDivide
 0001:0008E9F4       BcdDivide
 0001:0008BC28       BcdError
 0001:0008BBB8       BcdErrorFmt
 0001:0008F0E0       BcdFixedOrNumberFormat
 0001:0008F07C       BcdGeneralFormat
 0001:0008E740       BcdMultiply
 0001:0008E838       BcdMultiply
 0001:0008EED4       BcdScale
 0001:0008F094       BcdScientificFormat
 0001:0008E704       BcdSubtract
 0001:0008EFD0       BCDToCurr
 0001:0008C61C       BcdToDouble
 0001:0008ED90       BcdToStr
 0001:0008F81C       BcdToStrF
 0002:00003DE8       bDone
 0001:0000C550       Beep
 0001:00005DB4       BeginDeferWindowPos
 0001:0001B0F4       BeginGlobalLoading
 0001:00005DBC       BeginPaint
 0001:00003284       BeginThread
 0001:00027A1C       BetterSize
 0001:00034EA4       BevelLine
 0001:00034DB4       BevelRect
 0001:000680E8       BiDiDraw
 0001:000216EC       BinToHex
 0001:00005B4C       BitBlt
 0002:00000C5C       BitBtnCaptions
 0002:00003ACC       BitBtnGlyphs
 0002:00000C88       BitBtnModalResults
 0002:00000C30       BitBtnResNames
 0002:00000940       BitCounts
 0002:00000938       BitmapCanvasList
 0002:000038B0       BitmapImageLock
 0001:0000DEF8       BiUnimplemented
 0001:0008D3FC       BlankArgument
 0001:00083F94       BlankStr
 0002:00003CAC       BLOB_get
 0002:00003CB0       BLOB_put
 0002:00000654       BlockCode
 0002:000035E4       blockDescBlockList
 0002:000035E8       blockDescFreeList
 0002:00000580       BooleanIdents
 0002:00000458       BooleanToStringRule
 0001:00007F18       BoolToStr
 0001:00012A10       BoolToWStrViaOS
 0002:00000F60       Borders
 0002:00000AA4       BorderStyles
 0002:00000DF4       BorderStyles
 0001:00005724       Bounds
 0001:0001A0B4       Bounds
 0002:00001134       Breaks
 0002:000038E8       BrushManager
 0002:000019D8       BtnStateName
 0002:000019E4       BtnTypeName
 0001:0009F40C       BufferToByteArray
 0001:0007CD14       Build
 0001:000BDB6C       BuildColorMap
 0001:0006A89C       BuildImage
 0001:000BDAC4       BuildPalette
 0002:00000A4C       ButtonCaptions
 0002:00000CB8       ButtonCount
 0002:00000A20       ButtonNames
 0001:0003B004       Buttons
 0002:000011B0       Buttons
 0002:00000ECC       ButtonStyles
 0002:00003A84       ButtonWidths
 0001:0009F4C0       ByteArrayToBuffer
 0001:000271FC       BytesPerScanline
 0001:00027554       ByteSwapColors
 0001:0000C634       ByteToCharIndex
 0001:0000C60C       ByteToCharLen
 0001:0000C5D0       ByteType
 0001:0000C558       ByteTypeTest
 0002:00003BD4       CachedComCtrlVer
 0001:0007F0E0       CalcAxis
 0001:0007FE08       CalcAxis
 0001:0007F324       CalcAxisState
 0001:0007F16C       CalcFixedAxis
 0001:00023544       CalcJmpOffset
 0001:0007F280       CalcMaxCell
 0001:0008123C       CalcPageExtents
 0001:0008F9E0       CalcPrecisionAndDigits
 0001:00080B38       CalcScroll
 0001:000801A0       CalcScrollBar
 0001:00080E9C       CalcSizeInfo
 0001:00061A7C       CalcSplitterPos
 0001:0009CFE0       CalcTotalSize
 0001:00097300       CalculatedStored
 0001:00005DC4       CallNextHookEx
 0001:0000D284       CallTerminateProcs
 0001:00005DCC       CallWindowProc
 0001:00055724       CancelDrag
 0001:000A0874       CancelNestedDataSets
 0001:0008D38C       CanUseShort
 0002:00003B9C       CanvasList
 0002:000038EC       CanvasList
 0002:000009F8       Captions
 0002:00001030       CaptureControl
 0001:0007D2E8       CaretPos
 0002:000010D4       cBooleanToItemAutoFlag
 0002:0000048C       CBooleanToRelationship
 0001:00030A08       CenterWindow
 0002:00003ABA       CF_COMPONENT
 0002:00003AB8       CF_PICTURE
 0002:00003818       ChangeAnyProc
 0001:00053C50       ChangeBiDiModeAlignment
 0002:00000E1C       CharCases
 0002:00000E80       CharCases
 0001:000033F0       CharFromWChar
 0001:0000C808       CharLength
 0001:00005DD4       CharLowerBuff
 0001:00000330       CharNext
 0001:00005DDC       CharNext
 0001:00025628       CharsetToIdent
 0001:0000C71C       CharToByteIndex
 0001:0000C780       CharToByteLen
 0001:00005DE4       CharToOemA
 0001:00005DEC       CharUpperBuff
 0001:00027FE4       CheckBool
 0001:0003ECA4       CheckCommonControl
 0001:000A2F14       CheckIBLoaded
 0001:00002918       CheckJmp
 0001:00005DF4       CheckMenuItem
 0001:0009F8CC       CheckNestedBrowseMode
 0002:00001124       Checks
 0001:0008B7A4       CheckSqlTimeStamp
 0001:000A2058       CheckStatusVector
 0001:0001F394       CheckSubComponents
 0001:00021818       CheckSynchronize
 0001:0006DCC0       CheckTaskWindow
 0001:0001406C       CheckType
 0001:000553D8       CheckUndock
 0001:0000C444       CheckWin32Version
 0002:00000474       CInvalidCustomVariantType
 0002:000010D8       cItemAutoFlagToBoolean
 0002:000010D0       cItemAutoFlagToMenu
 0001:00023794       Classes
 0001:000867B8       ClassIDToProgID
 0001:0001AB60       ClassNotFound
 0002:00003814       ClearAnyProc
 0001:00024EB8       ClearColor
 0001:000872CC       ClearExcepInfo
 0001:00083D3C       ClearItem
 0001:00015BF0       ClearVariantTypeList
 0001:00005DFC       ClientToScreen
 0001:0005F020       ClientToWindow
 0001:0003768C       Clipboard
 0002:00000930       ClipboardFormats
 0001:00037778       Clipbrd
 0001:00005E04       CloseClipboard
 0001:0000586C       CloseHandle
 0002:0000398C       CloseThemeData
 0001:000A678C       CloseThreads
 0002:00003040       CmdLine
 0002:0000303C       CmdShow
 0002:000010CC       cMenuAutoFlagToItem
 0002:00000498       CmpTypeMap
 0001:0000DF04       CmpUnimplemented
 0002:000012F0       CoAddRefServerProcess
 0001:00018534       CoCreateInstance
 0002:000012E8       CoCreateInstanceEx
 0002:00001300       CoInitFlags
 0001:00018524       CoInitialize
 0002:000012EC       CoInitializeEx
 0002:00000D4C       ColorIndex
 0002:000006B0       Colors
 0001:00025420       ColorToIdent
 0002:00000AB8       ColorToPretyName
 0001:00025410       ColorToRGB
 0002:00000E6C       ComboBoxStyles
 0002:00003C28       ComClassManagerVar
 0001:0008642C       ComConst
 0002:00003900       ComCtl32DLL
 0002:00003B24       ComCtlVersion
 0001:00042D04       ComCtrls
 0002:00003BE8       CommandPool
 0001:0002D960       CommCtrl
 0001:00030228       CommDlg
 0001:000007DC       Commit
 0002:00003628       committedRoot
 0001:00087594       ComObj
 0001:0008E40C       CompactBcd
 0001:0008C7E8       CompareDigits
 0001:0007D080       CompareExtents
 0001:00066858       CompareFront
 0001:00007758       CompareMem
 0001:0008E1EC       CompareNormalizedFractions
 0001:00007728       CompareStr
 0001:00005874       CompareString
 0001:00007778       CompareText
 0001:00007E40       CompareWith
 0001:0001F474       ComponentCreated
 0001:00027DB4       ComputeAldusChecksum
 0001:0003712C       ComStrs
 0001:00023B58       Consts
 0001:0002D6AC       Contnrs
 0002:00003B5A       ControlAtom
 0002:00003B60       ControlAtomString
 0001:00072A54       ControlHasHelp
 0001:00062718       Controls
 0002:000005E0       Convert
 0002:000005D0       Convert
 0001:0000B94C       ConvertAddr
 0001:00009F54       ConvertEraString
 0001:000075F0       ConvertError
 0001:00007608       ConvertErrorFmt
 0001:0000A0BC       ConvertYearString
 0001:0000455C       CopyArray
 0001:0002A3AC       CopyBitmap
 0001:0002AA74       CopyBitmapAsMask
 0001:0008F068       CopyByte
 0001:00005B54       CopyEnhMetaFile
 0001:0000587C       CopyFile
 0001:0003ADB4       CopyImage
 0001:0003A37C       CopyImage
 0001:0002AA10       CopyPalette
 0002:00000D90       Copyright
 0001:00069948       CopyToBest
 0002:000012F4       CoReleaseServerProcess
 0002:000012F8       CoResumeClassObjects
 0002:000012FC       CoSuspendClassObjects
 0001:0001854C       CoTaskMemFree
 0001:0001852C       CoUninitialize
 0001:0000C68C       CountChars
 0002:000038C8       CounterLock
 0001:00083B1C       CountItem
 0002:00000478       CRangeToType
 0001:0000BEA0       CreateAssertException
 0001:0000C028       CreateAVObject
 0001:00005B5C       CreateBitmap
 0001:00005B64       CreateBrushIndirect
 0001:000867E4       CreateComObject
 0001:00005B6C       CreateCompatibleBitmap
 0001:00005B74       CreateCompatibleDC
 0001:0001F4F4       CreateComponent
 0001:00005B84       CreateDIBitmap
 0001:00005B7C       CreateDIBSection
 0001:00005884       CreateEvent
 0001:0000588C       CreateFile
 0001:00005894       CreateFileMapping
 0001:00005B8C       CreateFontIndirect
 0001:00005B94       CreateHalftonePalette
 0001:00005E0C       CreateIcon
 0001:0000BDCC       CreateInOutError
 0001:000A4D54       CreateLocalEvent
 0001:00005E14       CreateMenu
 0001:00031E10       CreateMessageDialog
 0001:000058A4       CreateMutex
 0001:00005B9C       CreatePalette
 0001:00005BA4       CreatePenIndirect
 0001:00005E1C       CreatePopupMenu
 0001:0008681C       CreateRemoteComObject
 0001:00005BAC       CreateSolidBrush
 0001:000275AC       CreateSystemPalette
 0001:000058C4       CreateThread
 0001:00000338       CreateThread
 0001:0000646C       CreateWindow
 0001:00006414       CreateWindowEx
 0002:00000994       CreationControl
 0002:00000F70       CreationControl
 0002:0000056C       CRelationshipToBoolean
 0002:0000043C       CResult
 0002:00003DEC       CS
 0002:00001318       CServerData
 0002:00001354       CServerData
 0002:00000F38       CSHREDRAW
 0002:0000013C       cSimpleBoolStrs
 0002:00000514       CText
 0002:00000EC4       Ctl3DStyles
 0002:0000106C       Ctl3DStyles
 0001:0007D2B4       Ctrl
 0002:00003620       curAlloc
 0001:00014300       CurrCompare
 0002:0000368C       CurrencyDecimals
 0002:00003688       CurrencyFormat
 0002:00003684       CurrencyString
 0001:00009DEC       CurrentYear
 0001:0008EF44       CurrToBCD
 0001:00009540       CurrToStr
 0001:000095A8       CurrToStrF
 0001:000129A0       CurrToWStrViaOS
 0002:0000124C       CursorMap
 0002:00000F80       Cursors
 0001:00053F70       CursorToIdent
 0002:0000123C       cUseAlpha
 0002:00001244       cUseColorKey
 0002:00000334       CVarTypeToElementInfo
 0001:00007B50       CvtInt
 0001:00007BBC       CvtInt64
 0002:0000017C       CWNear
 0002:00001428       CWNear
 0002:00000F40       Data
 0001:000953E0       DatabaseError
 0001:0009548C       DatabaseErrorFmt
 0001:000142D8       DateCompare
 0002:0000368D       DateSeparator
 0001:0009F3C4       DateTimeToNative
 0001:0008B6D4       DateTimeToSQLTimeStamp
 0001:0000AA04       DateTimeToStr
 0001:0000A978       DateTimeToString
 0001:00009C3C       DateTimeToSystemTime
 0001:00009798       DateTimeToTimeStamp
 0001:0002D920       DateTime_GetMonthCal
 0001:0002D904       DateTime_SetMonthCalColor
 0001:0002D8E8       DateTime_SetRange
 0001:0002D8CC       DateTime_SetSystemTime
 0001:0000A9D4       DateToStr
 0001:000129D8       DateToWStrViaOS
 0001:00088EE4       DateUtils
 0001:00009CEC       DayOfWeek
 0001:00088E7C       DaysInAMonth
 0001:000A1408       DB
 0002:00003C70       DBApplication
 0001:000A14C4       DBCommon
 0001:0008A998       DBConsts
 0002:00003C6C       DBScreen
 0002:00000178       DCon10
 0002:000006AC       DDBsOnly
 0001:000236BC       DeallocateHWnd
 0002:0000002C       DebugHook
 0002:0000368B       DecimalSeparator
 0001:00015460       DecIndices
 0001:00009C1C       DecodeDate
 0001:00009AD0       DecodeDateFully
 0001:00009940       DecodeTime
 0001:00000870       Decommit
 0001:00000E8C       DecommitFree
 0002:000035FC       decommittedRoot
 0001:000706DC       Default
 0001:00075DAC       Default
 0002:00000024       Default8087CW
 0002:000012D0       DefaultBlank
 0002:00000F74       DefaultDockTreeClass
 0002:0000179C       DefaultFieldClasses
 0002:00001434       DefaultFieldClasses
 0002:000035C0       DefaultUserCodePage
 0002:00000900       DefBrushData
 0001:00005E3C       DeferWindowPos
 0002:00000680       DefFontData
 0001:00005E24       DefFrameProc
 0002:00000208       DefLongDayNames
 0002:000001BC       DefLongMonthNames
 0001:00005E2C       DefMDIChildProc
 0002:000008E0       DefPenData
 0002:000001EC       DefShortDayNames
 0002:0000018C       DefShortMonthNames
 0001:00005E34       DefWindowProc
 0001:000048BC       DelayLoadResourceModule
 0001:0000052C       DeleteBlock
 0001:000058CC       DeleteCriticalSection
 0001:0000049C       DeleteCriticalSection
 0001:00005BB4       DeleteDC
 0001:00005BBC       DeleteEnhMetaFile
 0001:000081EC       DeleteFile
 0001:000058D4       DeleteFile
 0001:00000CD4       DeleteFree
 0001:00005E44       DeleteMenu
 0001:00005BC4       DeleteObject
 0001:0004CEAC       DeleteSelectedText
 0001:00029F68       DeselectBitmap
 0001:00005E4C       DestroyCursor
 0001:00005E54       DestroyIcon
 0001:0003AEC4       DestroyLocals
 0001:00005E5C       DestroyMenu
 0001:00005E64       DestroyWindow
 0001:000836D8       Detector
 0002:00001A08       DeviceName
 0001:000511C4       DialogEnumerationTester
 0001:00030ABC       DialogHook
 0001:00032638       Dialogs
 0002:0000093C       DIBPalSizes
 0002:00000090       dig
 0001:0006DB14       DisableTaskWindows
 0001:00086CE0       DispatchInvoke
 0001:000872C0       DispatchInvokeError
 0001:00005E6C       DispatchMessage
 0001:00073D34       DispatchShortCut
 0001:000872DC       DispCall
 0001:000873C0       DispCallByID
 0002:00003000       DispCallByIDProc
 0001:000871EC       DispCallError
 0001:00083270       DisposeStrItem
 0001:000075D4       DivMod
 0001:00030260       Dlgs
 0001:00059BE8       DoAlign
 0001:00075038       DoAlign
 0001:0007EF78       DoCalc
 0001:0005DCE0       DoCalcConstraints
 0001:0007EFE0       DoCalcRightToLeft
 0001:0007F768       DoChange
 0002:00003B90       DockSiteList
 0001:0006A568       DoClick
 0001:0007E150       DoColWidths
 0001:0005B32C       DoControlMsg
 0001:0006DAC4       DoDisableWindow
 0001:00054D04       DoDragOver
 0001:0000764C       DoExitProc
 0001:0005FD50       DoFindControlZone
 0001:0006DC00       DoFindWindow
 0001:000602DC       DoFindZone
 0001:0005FDD4       DoForEach
 0001:000616E0       DoGetNextLimit
 0001:0006DA8C       DoneApplication
 0001:00062440       DoneControls
 0001:0000C354       DoneExceptions
 0001:000720B0       DoNestedActivation
 0001:000217B4       DoneThreadSynchronization
 0001:00074E88       DoPosition
 0001:000597A8       DoPosition
 0001:00060D08       DoPrune
 0001:00034618       DoRect
 0001:0007E194       DoRowHeights
 0001:000611E0       DoSaveZone
 0001:000613E4       DoSetNewBounds
 0001:0007DBF8       DoSizeAdjust
 0002:0000142C       Dot
 0002:00000588       DotSep
 0001:00080E08       DoUpdate
 0002:00000CBC       DownStyles
 0001:00064EB8       DoWrite
 0001:0001C730       DoWrite
 0001:00029084       DoWrite
 0001:0002823C       DoWrite
 0001:0005A914       DoWriteDesignSize
 0001:000232C8       DoWriteHeight
 0001:00023260       DoWriteHorizontalOffset
 0001:00058380       DoWriteIsControl
 0001:00023294       DoWriteVerticalOffset
 0001:00023238       DoWriteWidth
 0002:0000187C       DPBConstantNames
 0002:00003B74       DragCapture
 0002:00003B68       DragControl
 0001:0005544C       DragDone
 0001:00054CB4       DragFindTarget
 0001:00054C88       DragFindWindow
 0002:00003B8C       DragImageList
 0001:000550A4       DragInit
 0001:00055214       DragInitControl
 0002:00003B70       DragInternalObject
 0001:00054BD0       DragMessage
 0002:00003B6C       DragObject
 0002:00003B98       DragSave
 0002:00003B80       DragSaveCursor
 0002:00003B78       DragStartPos
 0002:00003B84       DragThreshold
 0001:00054DD4       DragTo
 0001:00075DE8       DrawAppIcon
 0001:0007E4D0       DrawAxisLines
 0001:0007E748       DrawCells
 0001:00060874       DrawCloseButton
 0001:00005E74       DrawEdge
 0001:00005E7C       DrawFocusRect
 0001:00005E84       DrawFrameControl
 0001:000608CC       DrawGrabberLine
 0001:00005E8C       DrawIcon
 0001:00005E94       DrawIconEx
 0002:000010A8       DrawingStyles
 0001:0007E6B8       DrawLines
 0001:00005E9C       DrawMenuBar
 0001:0006B8A8       DrawMenuItem
 0001:00005EA4       DrawText
 0002:00003990       DrawThemeBackground
 0002:000039B4       DrawThemeEdge
 0002:000039B8       DrawThemeIcon
 0002:00003A3C       DrawThemeParentBackground
 0002:00003994       DrawThemeText
 0001:0002707C       DupBits
 0001:0001540C       DynArrayBounds
 0001:00004574       DynArrayClear
 0001:00015384       DynArrayDim
 0001:00015368       DynArrayElTypeInfo
 0001:000158BC       DynArrayFromVariant
 0001:00015328       DynArrayIndex
 0001:0000457C       DynArraySetLength
 0001:0001539C       DynArraySize
 0001:0001556C       DynArrayToVariant
 0001:000154CC       DynArrayVariantBounds
 0001:00015524       DynArrayVarType
 0002:00001194       EdgeStyle
 0002:0000105C       EdgeStyles
 0002:00000EB4       EdgeStyles
 0001:0000BDA0       EHeapException.FreeInstance
 0001:000A20FC       EIBError.Create
 0001:000A2174       EIBError.Create
 0001:000BD154       EmitMessage
 0002:00000E38       Empty
 0001:00005EAC       EmptyClipboard
 0001:00014164       EmptyCompare
 0002:00003800       EmptyParam
 0002:000000C0       EmptyStr
 0002:000000C4       EmptyWideStr
 0001:00005EB4       EnableMenuItem
 0002:0000112C       Enables
 0001:00005EBC       EnableScrollBar
 0001:0006DBC8       EnableTaskWindows
 0002:00003A24       EnableThemeDialogTexture
 0002:00003A40       EnableTheming
 0001:00005EC4       EnableWindow
 0001:00009AA0       EncodeDate
 0001:00009900       EncodeTime
 0001:00005ECC       EndDeferWindowPos
 0001:0001B17C       EndGlobalLoading
 0001:00005ED4       EndPaint
 0001:000032C8       EndThread
 0001:000058DC       EnterCriticalSection
 0001:0000048C       EnterCriticalSection
 0001:000058E4       EnumCalendarInfoA
 0001:00005EDC       EnumClipboardFormats
 0002:00003924       EnumDisplayMonitors
 0001:0000B5C0       EnumEraNames
 0001:0000B5FC       EnumEraYearOffsets
 0001:00070CA0       EnumMonitorsProc
 0001:00005EE4       EnumThreadWindows
 0001:0001ECA4       EnumValue
 0001:00005EEC       EnumWindows
 0001:000866C0       EOleException.Create
 0001:000865F0       EOleSysError.Create
 0001:00005EF4       EqualRect
 0002:00003754       EraNames
 0001:0000AC7C       EraToYear
 0002:00003770       EraYearOffsets
 0002:00000068       errCaption
 0001:0001A704       Error
 0001:0001E488       Error
 0001:000665A8       Error
 0001:0000194C       Error
 0002:00000004       ErrorAddr
 0001:00001900       ErrorAt
 0001:0000BE4C       ErrorHandler
 0002:00000224       ErrorMap
 0002:00003008       ErrorProc
 0002:000033E8       ErrOutput
 0001:0009530C       EUpdateError.Create
 0001:000953B0       EUpdateError.Destroy
 0002:0000158C       Events
 0001:000018A0       ExceptAddr
 0002:0000300C       ExceptClsProc
 0001:0000C2C0       ExceptHandler
 0001:0000BBCC       Exception.Create
 0001:0000BC08       Exception.CreateFmt
 0001:0000BD58       Exception.CreateHelp
 0001:0000BC88       Exception.CreateRes
 0001:0000BCC4       Exception.CreateResFmt
 0002:0000301C       ExceptionClass
 0001:0000B958       ExceptionErrorMessage
 0002:0000025C       ExceptMap
 0001:00001880       ExceptObject
 0002:00003010       ExceptObjProc
 0002:00003004       ExceptProc
 0001:00005BCC       ExcludeClipRect
 0002:00000000       ExitCode
 0001:000030A0       ExitDll
 0002:00003048       ExitProc
 0001:00000348       ExitProcess
 0002:00003028       ExitProcessProc
 0002:00000138       ExitProcList
 0001:00000340       ExitThread
 0001:00083440       ExpandDir
 0001:00008358       ExpandFileName
 0001:00030D94       ExplorerHook
 0001:0003C19C       ExtActns
 0001:00005BD4       ExtCreatePen
 0001:0003704C       ExtCtrls
 0001:0003B05C       ExtDlgs
 0002:00000F18       ExtendSelects
 0001:000954E8       ExtractFieldName
 0001:00008284       ExtractFileDir
 0001:00008310       ExtractFileExt
 0001:0003140C       ExtractFileName
 0001:000082D8       ExtractFileName
 0001:00031454       ExtractFileNames
 0001:0008FC84       ExtractLiterals
 0001:0008F8D8       ExtractMoneySymbol
 0001:00005BDC       ExtTextOut
 0002:00003790       FalseBoolStrs
 0002:00003DC4       FBuffer
 0002:00003DD4       FBufferSize
 0002:00003E40       fClient
 0002:00003E50       fClientU
 0002:00003AC0       FClipboard
 0002:0000016C       FCon1E18
 0002:00001424       FConst10
 0002:00003E20       fData
 0002:00003E48       fFind
 0002:000014CC       FieldTypeNames
 0001:00008080       FileAge
 0001:00008078       FileClose
 0001:00007FE0       FileCreate
 0001:00007FBC       FileCreate
 0001:000080E8       FileExists
 0002:00000934       FileFormats
 0002:0000000C       FileMode
 0001:00007F64       FileOpen
 0001:00007FE8       FileRead
 0002:000005C4       FilerSignature
 0001:00008040       FileSeek
 0001:000058EC       FileTimeToDosDateTime
 0001:000058F4       FileTimeToLocalFileTime
 0001:00008014       FileWrite
 0001:00000DBC       FillAfterGap
 0001:00000D68       FillBeforeGap
 0001:0007E47C       FillDWord
 0001:00000E54       FillerSizeAfterGap
 0001:00000DE4       FillerSizeBeforeGap
 0001:00005EFC       FillRect
 0002:00000CC4       FillStyles
 0001:000B71F8       Finalization
 0001:000B4164       Finalization
 0001:00088E44       Finalization
 0001:0000DC94       Finalization
 0001:000E8468       Finalization
 0001:000B0F20       Finalization
 0001:000D0BC0       Finalization
 0001:000E8430       Finalization
 0001:00088EB4       Finalization
 0001:000E8138       Finalization
 0001:00050650       Finalization
 0001:000507B8       Finalization
 0001:0000697C       Finalization
 0001:000065F4       Finalization
 0001:0002F628       Finalization
 0001:00016C04       Finalization
 0001:000065BC       Finalization
 0001:00087EF8       Finalization
 0001:00016998       Finalization
 0001:00018578       Finalization
 0001:000875F4       Finalization
 0001:0002F47C       Finalization
 0001:0007B554       Finalization
 0001:0002D188       Finalization
 0001:00005480       Finalization
 0001:00030230       Finalization
 0001:00087514       Finalization
 0001:000D2F98       Finalization
 0001:0000E678       Finalization
 0001:0003009C       Finalization
 0001:00030054       Finalization
 0001:000626B0       Finalization
 0001:000056B0       Finalization
 0001:00088EEC       Finalization
 0001:00005740       Finalization
 0001:0003C1A4       Finalization
 0001:0003C14C       Finalization
 0001:000DC1A0       Finalization
 0001:0002D368       Finalization
 0001:000863FC       Finalization
 0001:0002F158       Finalization
 0001:00088F24       Finalization
 0001:0002D67C       Finalization
 0001:000AE3B8       Finalization
 0001:0002F120       Finalization
 0001:0005143C       Finalization
 0001:0003C0F4       Finalization
 0001:0008639C       Finalization
 0001:0008A808       Finalization
 0001:000A323C       Finalization
 0001:0008A968       Finalization
 0001:000A13AC       Finalization
 0001:000A1494       Finalization
 0001:000A3290       Finalization
 0001:000847A0       Finalization
 0001:00037004       Finalization
 0001:000A32C8       Finalization
 0001:0003001C       Finalization
 0001:0002D930       Finalization
 0001:0008B8B0       Finalization
 0001:000AE350       Finalization
 0001:0002FFAC       Finalization
 0001:000A38D0       Finalization
 0001:0006BB84       Finalization
 0001:000D7930       Finalization
 0001:000A2604       Finalization
 0001:000AAC08       Finalization
 0001:0002F0D8       Finalization
 0001:0003C090       Finalization
 0001:000A16A4       Finalization
 0001:000A6B48       Finalization
 0001:000370FC       Finalization
 0001:0003C028       Finalization
 0001:0003773C       Finalization
 0001:000A67DC       Finalization
 0001:000377D0       Finalization
 0001:000A16DC       Finalization
 0001:0003B02C       Finalization
 0001:0003AFCC       Finalization
 0001:000D8598       Finalization
 0001:000325DC       Finalization
 0001:000639E0       Finalization
 0001:00065608       Finalization
 0001:000A1714       Finalization
 0001:0002E0F0       Finalization
 0001:000A41FC       Finalization
 0001:000A1B14       Finalization
 0001:000A4340       Finalization
 0001:0002E0B0       Finalization
 0001:000D0190       Finalization
 0001:000301F8       Finalization
 0001:000903A0       Finalization
 0001:000300D4       Finalization
 0001:00043A00       Finalization
 0001:000BCDE0       Finalization
 0001:00023B28       Finalization
 0001:000BCE5C       Finalization
 0001:00042C8C       Finalization
 0001:0001846C       Finalization
 0001:00078B6C       Finalization
 0001:00087FB4       Finalization
 0001:000236E4       Finalization
 0001:00087F7C       Finalization
 0001:000301B0       Finalization
 0001:00087F44       Finalization
 0001:0003010C       Finalization
 0001:000780A4       Finalization
 0001:00030144       Finalization
 0001:0000456C       FinalizeArray
 0001:00002ED4       FinalizeUnits
 0001:0006A328       Find
 0001:0000492C       FindBS
 0001:0001AC20       FindClass
 0001:000048B4       FindClassHInstance
 0001:00000358       FindClose
 0001:000081D0       FindClose
 0001:000058FC       FindClose
 0001:00000D38       FindCommitted
 0001:00053D50       FindControl
 0001:00060508       FindControlAtPos
 0001:000167C0       FindCustomVariantType
 0001:00016878       FindCustomVariantType
 0001:00055770       FindDragTarget
 0001:0001F6A4       FindExistingComponent
 0001:0000815C       FindFirst
 0001:00000360       FindFirstFile
 0001:00005904       FindFirstFile
 0001:0001B00C       FindGlobalComponent
 0001:0006DD0C       FindGlobalComponent
 0002:00003864       FindGlobalComponentProcs
 0001:0000488C       FindHInstance
 0001:0001AEB4       FindIdentToInt
 0001:000080F8       FindMatchingFile
 0002:00003A80       FindMsg
 0001:0001E834       FindNestedComponent
 0001:000081AC       FindNext
 0001:0000590C       FindNextFile
 0001:00066570       FindPopupControl
 0001:0000E340       FindProc
 0001:00016EB0       FindPropInfo
 0001:00005914       FindResource
 0001:00004904       FindResourceHInstance
 0001:000778F8       FindScanline
 0001:0004FE04       FindString
 0001:0006DC64       FindTopMostWindow
 0001:00020588       FindUniqueName
 0001:00014CA4       FindVarData
 0001:0005573C       FindVCLWindow
 0001:00005F04       FindWindow
 0001:0005121C       FindWinHelp
 0001:0002A360       FixupBitFields
 0002:000011A4       Flags
 0002:000037A0       FLanguages
 0001:00005F0C       FlashWindow
 0001:0002F4AC       FlatSB
 0002:00003950       FlatSB_EnableScrollBar
 0002:0000395C       FlatSB_GetScrollInfo
 0002:00003960       FlatSB_GetScrollPos
 0002:00003958       FlatSB_GetScrollRange
 0002:00003968       FlatSB_SetScrollInfo
 0002:00003964       FlatSB_SetScrollPos
 0001:0002F19C       FlatSB_SetScrollProp
 0002:0000396C       FlatSB_SetScrollRange
 0002:00003954       FlatSB_ShowScrollBar
 0001:000091D0       FloatToDecimal
 0001:00009510       FloatToStr
 0001:00009570       FloatToStrF
 0001:00008C08       FloatToText
 0001:00008EDC       FloatToTextFmt
 0002:00003E30       fLogin
 0001:00001CD0       Flush
 0002:00003E58       fMain
 0002:00003DC8       FMonitorCount
 0002:00000180       FMSecsPerDay
 0001:000903DC       FMTBcd
 0002:000013F0       FMTBcdVariantType
 0001:00008B04       FmtStr
 0002:000011C0       FocusCount
 0002:000011BC       FocusMessages
 0002:00000850       FontCharsets
 0002:000038E0       FontManager
 0002:00000990       ForceCurrentDirectory
 0001:0006DCE0       ForegroundTask
 0002:00000188       Format
 0001:00008AF0       Format
 0001:000902D8       FormatBcd
 0001:000086F8       FormatBuf
 0001:000086EC       FormatClearStr
 0001:00009638       FormatCurr
 0001:00008670       FormatError
 0002:00000164       FormatErrorStrs
 0001:000095E0       FormatFloat
 0001:000A1580       FormatIdentifierValue
 0001:00078B38       FormatMaskText
 0001:000BD15C       FormatMessage
 0001:0000591C       FormatMessage
 0001:0008FF20       FormatOneBcd
 0002:00000D84       Formats
 0001:000086C8       FormatVarToStr
 0001:00078100       Forms
 0001:0007D298       ForwardMovement
 0001:00002040       FPower10
 0002:0000098C       FPrinter
 0002:00003E38       fQuest
 0001:0008EC48       FractionToStr
 0001:000346DC       Frame3D
 0001:00005F14       FrameRect
 0002:00003DCC       FReaderCount
 0002:00003DE0       FReaderThread
 0002:00003DBC       FReadEvent
 0002:00003DC0       FReadFinishedEvent
 0001:0000D874       FreeAndNil
 0001:00000AA4       FreeCommitted
 0001:00000FC4       FreeCurAlloc
 0001:00055830       FreeDeviceContext
 0001:000558EC       FreeDeviceContexts
 0001:000A2ED8       FreeIBInstallLibrary
 0001:000A2EBC       FreeIBLibrary
 0001:00022E90       FreeIntConstList
 0001:00084208       FreeItem
 0001:00005924       FreeLibrary
 0001:00000368       FreeLibrary
 0001:00029EBC       FreeMemoryContexts
 0001:000235E4       FreeObjectInstance
 0001:0006DD8C       FreeObjectInstance
 0001:00005944       FreeResource
 0001:00000724       FreeSpace
 0001:0000D2A0       FreeTerminateProcs
 0001:0002F660       FreeThemeLibrary
 0002:00003B20       FRichEditModule
 0002:00003DAC       FSharedBuffer
 0002:00003E60       fSplash
 0002:00003DD8       FTimeStamp
 0002:00003DD0       FTraceDataType
 0002:00003DB4       FWriteEvent
 0002:00003DB8       FWriteFinishedEvent
 0002:00003DB0       FWriteLock
 0002:00003DDC       FWriterThread
 0001:0000D370       GDAL
 0001:0002706C       GDICheck
 0001:00026FC4       GDIError
 0001:00005BE4       GdiFlush
 0001:000A9E20       GenerateDPB
 0001:000AA230       GenerateTPB
 0001:00001C10       Get8087CW
 0001:0000594C       GetACP
 0001:0001855C       GetActiveObject
 0001:00005F1C       GetActiveWindow
 0001:00075514       GetAnimation
 0001:0003176C       GetAveCharSize
 0001:0003848C       GetBitBtnGlyph
 0001:00005BEC       GetBitmapBits
 0001:000A3B1C       GetBlobInfo
 0001:000004A4       GetBlockDesc
 0001:00005BF4       GetBrushOrgEx
 0001:00005F24       GetCapture
 0001:0005406C       GetCaptureControl
 0001:00005F2C       GetCaretPos
 0001:0001ABCC       GetClass
 0001:00005F34       GetClassInfo
 0001:00005F3C       GetClassName
 0001:00005F44       GetClientRect
 0001:00005F4C       GetClipboardData
 0001:00028AD4       GetClipboardFormats
 0001:00005BFC       GetClipBox
 0001:00000440       GetCmdShow
 0001:00063C38       GetColor
 0001:0003ECCC       GetComCtlVersion
 0001:00000370       GetCommandLine
 0001:000008F0       GetCommitted
 0001:00000980       GetCommittedAt
 0001:0000595C       GetComputerName
 0001:0005AEE0       GetControlAtPos
 0001:00009EB0       GetCount
 0001:00005954       GetCPInfo
 0001:00008408       GetCurrentDir
 0001:00000378       GetCurrentDirectory
 0001:00005C04       GetCurrentPositionEx
 0001:00005964       GetCurrentProcessId
 0002:00003A34       GetCurrentThemeName
 0001:00000430       GetCurrentThreadId
 0001:0000596C       GetCurrentThreadId
 0001:0000635C       GetCurrentTime
 0001:00005F54       GetCursor
 0001:00077908       GetCursorHeightMargin
 0001:00005F5C       GetCursorPos
 0001:00009EDC       GetDate
 0001:00005974       GetDateFormat
 0001:0000AB94       GetDateOrder
 0001:00005F64       GetDC
 0001:00005F6C       GetDCEx
 0001:00005C0C       GetDCOrgEx
 0001:0002CD98       GetDefFontCharSet
 0001:0001BD30       GetDesigner
 0001:00005F74       GetDesktopWindow
 0001:00005C24       GetDeviceCaps
 0001:00027FCC       GetDIB
 0001:00005C14       GetDIBColorTable
 0001:00005C1C       GetDIBits
 0001:00027F14       GetDIBSizes
 0001:000271DC       GetDInColors
 0001:0000597C       GetDiskFreeSpaceA
 0002:00000134       GetDiskFreeSpaceEx
 0001:00005F7C       GetDlgItem
 0001:000617C0       GetDockAlign
 0001:00054A14       GetDockSiteAtPos
 0001:00005F84       GetDoubleClickTime
 0001:00054D40       GetDropCtl
 0001:000026C8       GetDynaMethod
 0001:00005C2C       GetEnhMetaFileBits
 0001:00005C34       GetEnhMetaFileHeader
 0001:00005C3C       GetEnhMetaFilePaletteEntries
 0001:0001753C       GetEnumName
 0001:00017614       GetEnumNameValue
 0001:00017890       GetEnumProp
 0001:00017660       GetEnumValue
 0001:0000B674       GetEraNamesAndYearOffsets
 0001:0000AC28       GetEraYearOffset
 0001:00018564       GetErrorInfo
 0001:0000C010       GetExceptionClass
 0001:0000C1F4       GetExceptionObject
 0001:00005984       GetExitCodeThread
 0001:0001AB54       GetFieldClassTable
 0001:00028AB4       GetFileFormats
 0001:0000C464       GetFileVersion
 0001:00005B34       GetFileVersionInfo
 0001:00005B3C       GetFileVersionInfoSize
 0001:00017FB8       GetFloatProp
 0001:00005F8C       GetFocus
 0001:00025648       GetFontData
 0001:00005F94       GetForegroundWindow
 0001:00090214       GetFormat
 0001:0000CD24       GetFormatSettings
 0001:0000598C       GetFullPathName
 0001:00024BB4       GetHashCode
 0001:00072A8C       GetHelpInfo
 0001:0002E570       GetHelpSystem
 0001:000752F8       GetHint
 0001:00075330       GetHintControl
 0001:0006BA24       GetHotkey
 0001:000A2F38       GetIBClientVersion
 0001:000A21F4       GetIBDataBaseErrorMessages
 0001:00005F9C       GetIconInfo
 0001:00087058       GetIDsOfNames
 0001:00018394       GetInt64Prop
 0001:00005FB4       GetKeyboardLayout
 0001:00005FBC       GetKeyboardLayoutList
 0001:00005FC4       GetKeyboardState
 0001:0000232C       GetKeyboardType
 0001:00005FA4       GetKeyNameText
 0001:00005FAC       GetKeyState
 0001:00005FCC       GetLastActivePopup
 0001:0005FA88       GetLastChildZone
 0001:00005994       GetLastError
 0001:0000B438       GetLocaleChar
 0001:000059A4       GetLocaleInfo
 0001:00000380       GetLocaleInfo
 0001:0000B3EC       GetLocaleStr
 0001:0000599C       GetLocalTime
 0001:00053FD4       GetLongHint
 0001:00017C60       GetLongStrProp
 0001:00005FD4       GetMenu
 0001:00072A14       GetMenuHelpContext
 0001:00005FDC       GetMenuItemCount
 0001:00005FE4       GetMenuItemID
 0001:00005FEC       GetMenuItemInfo
 0001:00068B74       GetMenuSize
 0001:00005FF4       GetMenuState
 0001:00005FFC       GetMenuString
 0001:00006004       GetMessageTime
 0001:00000388       GetModuleFileName
 0001:000059AC       GetModuleFileName
 0001:000055A8       GetModuleHandle
 0001:00000390       GetModuleHandle
 0001:000059B4       GetModuleHandle
 0002:00003918       GetMonitorInfo
 0002:0000391C       GetMonitorInfoA
 0002:00003920       GetMonitorInfoW
 0001:0000B49C       GetMonthDayNames
 0001:0000600C       GetNextWindow
 0001:00005C44       GetObject
 0001:000301E8       GetOpenFileName
 0001:000177C0       GetOrdProp
 0001:00005C4C       GetPaletteEntries
 0001:00001AA4       GetParamStr
 0001:00006014       GetParent
 0001:0006DEE0       GetParentForm
 0001:00005C54       GetPixel
 0001:000059BC       GetPrivateProfileString
 0001:000A2698       GetProcAddr
 0001:000059C4       GetProcAddress
 0001:00000398       GetProcAddress
 0001:0000601C       GetProp
 0001:000176C4       GetPropInfo
 0001:00016E70       GetPropInfo
 0001:00016E90       GetPropInfo
 0001:00017734       GetPropInfo
 0001:0001776C       GetPropInfos
 0001:00016EFC       GetPropValue
 0001:0006E3A0       GetRealScrollPosition
 0001:00063C18       GetRGBColor
 0001:000301F0       GetSaveFileName
 0001:00006024       GetScrollInfo
 0001:0000602C       GetScrollPos
 0001:00006034       GetScrollRange
 0001:00017904       GetSetProp
 0001:00053F90       GetShortHint
 0001:00017B58       GetShortStrProp
 0001:00017BF0       GetShortStrPropAsLongStr
 0001:00000648       GetSpace
 0001:000006AC       GetSpaceAt
 0001:00066600       GetSpecialName
 0001:000003A0       GetStartupInfo
 0001:000059CC       GetStdHandle
 0001:00000308       GetStdHandle
 0001:00005C5C       GetStockObject
 0001:000059D4       GetStringTypeEx
 0001:00017D90       GetStrProp
 0001:0000603C       GetSubMenu
 0001:00006044       GetSysColor
 0001:0000604C       GetSysColorBrush
 0001:000059DC       GetSystemInfo
 0001:00006054       GetSystemMenu
 0002:00003908       GetSystemMetrics
 0001:0000605C       GetSystemMetrics
 0001:00005C64       GetSystemPaletteEntries
 0001:00005C74       GetTextExtentPoint
 0001:00005C6C       GetTextExtentPoint32
 0001:00005C7C       GetTextMetrics
 0002:00003A2C       GetThemeAppProperties
 0002:00003998       GetThemeBackgroundContentRect
 0002:0000399C       GetThemeBackgroundExtent
 0002:000039AC       GetThemeBackgroundRegion
 0002:000039D0       GetThemeBool
 0002:000039C4       GetThemeColor
 0002:00003A38       GetThemeDocumentationProperty
 0002:000039D8       GetThemeEnumValue
 0002:000039F8       GetThemeFilename
 0002:000039E0       GetThemeFont
 0002:000039D4       GetThemeInt
 0002:000039EC       GetThemeIntList
 0002:000039E8       GetThemeMargins
 0002:000039C8       GetThemeMetric
 0002:000039A0       GetThemePartSize
 0002:000039DC       GetThemePosition
 0002:000039F0       GetThemePropertyOrigin
 0002:000039E4       GetThemeRect
 0002:000039CC       GetThemeString
 0002:00003A04       GetThemeSysBool
 0002:000039FC       GetThemeSysColor
 0002:00003A00       GetThemeSysColorBrush
 0002:00003A0C       GetThemeSysFont
 0002:00003A14       GetThemeSysInt
 0002:00003A08       GetThemeSysSize
 0002:00003A10       GetThemeSysString
 0002:000039A4       GetThemeTextExtent
 0002:000039A8       GetThemeTextMetrics
 0001:000003A8       GetThreadLocale
 0001:000059E4       GetThreadLocale
 0001:000059EC       GetTickCount
 0001:00009F14       GetTime
 0001:000055D4       GetTlsSize
 0001:00075AC4       GetTopMostWindows
 0001:00054174       GetTopParent
 0001:00006064       GetTopWindow
 0001:00017530       GetTypeData
 0001:0008C89C       GetValueAndMultiplyOrder
 0001:00014E80       GetVarDataArrayInfo
 0001:000182DC       GetVariantProp
 0001:00000438       GetVersion
 0001:000059F4       GetVersion
 0001:000059FC       GetVersionEx
 0001:00017DFC       GetWideStrProp
 0001:00017CE0       GetWideStrPropAsLongStr
 0001:0000606C       GetWindow
 0001:00006074       GetWindowDC
 0001:0000607C       GetWindowLong
 0001:00005C8C       GetWindowOrgEx
 0001:00006084       GetWindowPlacement
 0001:0000608C       GetWindowRect
 0001:00006094       GetWindowText
 0002:00003A20       GetWindowTheme
 0001:000060A4       GetWindowThreadProcessId
 0001:0000609C       GetWindowThreadProcessId
 0001:00005C84       GetWinMetaFileBits
 0001:00005A04       GlobalAddAtom
 0001:00005A0C       GlobalAlloc
 0001:00006368       GlobalAllocPtr
 0001:00005A14       GlobalDeleteAtom
 0001:00005A1C       GlobalFindAtom
 0002:00003868       GlobalFixupList
 0001:0001E97C       GlobalFixupReferences
 0001:00005A24       GlobalFree
 0001:00006394       GlobalFreePtr
 0001:00005A34       GlobalHandle
 0001:00005A2C       GlobalLock
 0002:0000384C       GlobalNameSpace
 0001:00005A3C       GlobalReAlloc
 0001:00006378       GlobalReAllocPtr
 0001:00005A44       GlobalUnlock
 0002:00000CB4       GlyphCache
 0001:0002D25C       Graphics
 0001:0007CC28       GridRect
 0001:000847D0       Grids
 0001:0001AD48       GroupDescendentsWith
 0001:0008678C       GUIDToString
 0002:0000058C       GUID_NULL
 0001:0000F388       HandleConversionException
 0001:00072C94       HandleEdge
 0001:0001FDE0       HandleException
 0001:00049A44       HasPopup
 0001:0004CE80       HasSelectedText
 0002:00000028       HeapAllocFlags
 0002:000035C8       heapErrorCode
 0002:000035CC       heapLock
 0001:0002F118       HelpIntfs
 0002:00003944       HelpManager
 0002:00003A7C       HelpMsg
 0002:00003B44       HelpViewer
 0002:00003B48       HelpViewerIntf
 0002:00000130       HexDisplayPrefix
 0001:00021728       HexToBin
 0001:00006354       HiByte
 0001:000A862C       HidePassword
 0002:00000E28       HideSelections
 0001:0006183C       HideZone
 0002:00003668       HInstance
 0002:00003C00       HintDoneEvent
 0001:00075400       HintGetMsgHook
 0002:00003C04       HintHook
 0001:000753A4       HintMouseThread
 0002:00003C08       HintThread
 0002:00003BFC       HintThreadID
 0001:00075350       HintTimerProc
 0002:000011B4       HintWindowClass
 0002:000039B0       HitTestThemeBackground
 0001:00006350       HiWord
 0001:00075444       HookHintHooks
 0001:000064C4       HwndMSWheel
 0001:000A2654       IB
 0001:000A1D58       IBAlloc
 0001:000A422C       IBBlob
 0002:00003D90       IBClientVersion
 0002:00003C8C       IBCS
 0001:000A3A90       IBCustomDataSet
 0001:000AAC64       IBDatabase
 0001:000A1DFC       IBDataBaseError
 0002:00003CA8       IBDataBaseErrorMessages
 0001:000A6B78       IBDatabaseInfo
 0001:000A1D84       IBError
 0001:000A32F8       IBErrorCodes
 0002:000015BC       IBErrorMessages
 0001:000A170C       IBExternals
 0001:000A32C0       IBHeader
 0001:000A1744       IBInstallHeader
 0002:00003D8C       IBInstallLibrary
 0001:000A3278       IBIntf
 0002:00003D88       IBLibrary
 0002:00001148       IBreaks
 0001:000A4388       IBServices
 0001:000AE380       IBSQL
 0001:000A68BC       IBSQLMonitor
 0001:000A16D4       IBUtils
 0001:000A1B44       IBXConst
 0002:00001154       IChecks
 0002:00000A0C       IconIDs
 0002:0000115C       IDefaults
 0001:00025638       IdentToCharset
 0001:00025430       IdentToColor
 0001:00053F80       IdentToCursor
 0001:0001AF30       IdentToInt
 0002:00001164       IEnables
 0001:00069918       IfHotkeyAvailable
 0002:00003BD8       ImageListWriteExProc
 0001:0002D768       ImageList_Add
 0001:0002D788       ImageList_AddIcon
 0001:0002D7B4       ImageList_BeginDrag
 0001:0002D750       ImageList_Create
 0001:0002D758       ImageList_Destroy
 0001:0002D7C4       ImageList_DragEnter
 0001:0002D7CC       ImageList_DragLeave
 0001:0002D7D4       ImageList_DragMove
 0001:0002D7E4       ImageList_DragShowNolock
 0001:0002D794       ImageList_Draw
 0001:0002D7A4       ImageList_DrawEx
 0001:0002D7BC       ImageList_EndDrag
 0001:0002D780       ImageList_GetBkColor
 0001:0002D7EC       ImageList_GetDragImage
 0001:0002D804       ImageList_GetIconSize
 0001:0002D760       ImageList_GetImageCount
 0001:0002D7F4       ImageList_Read
 0001:0002D7AC       ImageList_Remove
 0001:0002D79C       ImageList_Replace
 0001:0002D770       ImageList_ReplaceIcon
 0001:0002D778       ImageList_SetBkColor
 0001:0002D7DC       ImageList_SetDragCursorImage
 0001:0002D80C       ImageList_SetIconSize
 0001:0002D7FC       ImageList_Write
 0002:000010B8       Images
 0001:00065638       ImgList
[...]
   340 0001:000DB8E4   343 0001:000DBB5C   344 0001:000DBB5F   345 0001:000DBB77
   348 0001:000DBB7C   349 0001:000DBB9F   350 0001:000DBBA1   351 0001:000DBBC6
   352 0001:000DBBEB   353 0001:000DBC10   354 0001:000DBC35   355 0001:000DBC5A
   356 0001:000DBC7F   357 0001:000DBCA4   358 0001:000DBCC9   359 0001:000DBCEE
   360 0001:000DBD13   361 0001:000DBD2D   362 0001:000DBD4B   363 0001:000DBD6D
   364 0001:000DBD8F   365 0001:000DBDB1   366 0001:000DBDFC   369 0001:000DBE04
   370 0001:000DBE07   371 0001:000DBE0E   373 0001:000DBE15   376 0001:000DBE18
   377 0001:000DBE1B   379 0001:000DBE42   380 0001:000DBE4F   381 0001:000DBE5C
   384 0001:000DBE6B   385 0001:000DBE78   386 0001:000DBE85   387 0001:000DBE92
   390 0001:000DBEAD   391 0001:000DBEBA   392 0001:000DBEC7   395 0001:000DBED4
   398 0001:000DBF18   399 0001:000DBF3C   400 0001:000DBF4A   402 0001:000DBFB1
   403 0001:000DBFE3   406 0001:000DBFF0   407 0001:000DC014   408 0001:000DC022
   410 0001:000DC089   411 0001:000DC0BB   414 0001:000DC0C8   415 0001:000DC0EC
   416 0001:000DC0FA   418 0001:000DC161   419 0001:000DC193   421 0001:000DC1D0
   421 0001:000DC1D7

Line numbers for uMain(uMain.pas) segment .text

   267 0001:000DD0B8   268 0001:000DD0D2   269 0001:000DD0E0   270 0001:000DD118
   271 0001:000DD144   272 0001:000DD170   273 0001:000DD177   274 0001:000DD17E
   275 0001:000DD186   276 0001:000DD18D   277 0001:000DD19A   278 0001:000DD1AA
   279 0001:000DD1C1   281 0001:000DD1D8   282 0001:000DD1EA   283 0001:000DD1FF
   284 0001:000DD229   286 0001:000DD23E   287 0001:000DD252   288 0001:000DD269
   289 0001:000DD280   292 0001:000DD297   293 0001:000DD2A9   294 0001:000DD2BE
   295 0001:000DD2E8   297 0001:000DD2FD   298 0001:000DD311   299 0001:000DD328
   300 0001:000DD33F   302 0001:000DD356   303 0001:000DD385   306 0001:000DD424
   307 0001:000DD427   308 0001:000DD435   309 0001:000DD45F   310 0001:000DD489
   314 0001:000DD48C   315 0001:000DD490   316 0001:000DD49D   317 0001:000DD4A6
   318 0001:000DD4B3   319 0001:000DD4BC   321 0001:000DD4D6   322 0001:000DD4DB
   324 0001:000DD4F7   326 0001:000DD4FC   327 0001:000DD509   328 0001:000DD516
   332 0001:000DD523   334 0001:000DD527   335 0001:000DD530   338 0001:000DD537
   340 0001:000DD544   341 0001:000DD551   343 0001:000DD55E   347 0001:000DD5C0
   348 0001:000DD5DB   349 0001:000DD5E8   350 0001:000DD600   351 0001:000DD60F
   352 0001:000DD61E   354 0001:000DD62B   355 0001:000DD65E   356 0001:000DD66B
   357 0001:000DD672   358 0001:000DD686   359 0001:000DD69D   360 0001:000DD6B4
   361 0001:000DD6CB   362 0001:000DD6E2   363 0001:000DD6EF   364 0001:000DD750
   366 0001:000DD784   367 0001:000DD791   368 0001:000DD79E   372 0001:000DD7AD
   373 0001:000DD7BA   374 0001:000DD7C7   376 0001:000DD7D4   379 0001:000DD7F2
   380 0001:000DD7FF   381 0001:000DD80C   385 0001:000DD819   386 0001:000DD820
   387 0001:000DD880   391 0001:000DD998   392 0001:000DD9A5   396 0001:000DD9A8
   397 0001:000DD9B5   401 0001:000DD9B8   402 0001:000DD9D4   403 0001:000DD9FA
   404 0001:000DDA04   406 0001:000DDA67   407 0001:000DDA74   408 0001:000DDA88
   409 0001:000DDAD6   412 0001:000DDBA0   413 0001:000DDBBC   415 0001:000DDC46
   416 0001:000DDC53   417 0001:000DDC67   418 0001:000DDCBA   421 0001:000DDD74
   422 0001:000DDD8D   423 0001:000DDDA7   424 0001:000DDDF4   425 0001:000DDE08
   426 0001:000DDE46   430 0001:000DDEDC   431 0001:000DDEEA   435 0001:000DDEEC
   436 0001:000DDF0D   437 0001:000DDF3B   438 0001:000DDFFF   440 0001:000DE01D
   441 0001:000DE02A   442 0001:000DE037   443 0001:000DE047   444 0001:000DE054
   446 0001:000DE0AC   449 0001:000DE180   450 0001:000DE1A1   452 0001:000DE1BA
   453 0001:000DE21B   454 0001:000DE27C   455 0001:000DE2E0   456 0001:000DE2F2
   458 0001:000DE302   460 0001:000DE385   464 0001:000DE3F0   465 0001:000DE412
   466 0001:000DE440   467 0001:000DE455   468 0001:000DE46A   469 0001:000DE49A
   470 0001:000DE580   471 0001:000DE5D5   473 0001:000DE5F3   474 0001:000DE600
   475 0001:000DE60D   476 0001:000DE61D   477 0001:000DE62A   479 0001:000DE694
   483 0001:000DE75C   485 0001:000DE779   486 0001:000DE7A3   487 0001:000DE7C4
   489 0001:000DE7E2   490 0001:000DE869   491 0001:000DE8B7   492 0001:000DE8D9
   495 0001:000DE904   499 0001:000DEA58   500 0001:000DEA5B   501 0001:000DEA72
   502 0001:000DEA89   503 0001:000DEAA0   505 0001:000DEAAA   506 0001:000DEAB7
   507 0001:000DEAC4   510 0001:000DEAD3   511 0001:000DEAE0   512 0001:000DEAED
   513 0001:000DEAFA   515 0001:000DEB03   518 0001:000DEB08   519 0001:000DEB0B
   521 0001:000DEB30   522 0001:000DEB3D   523 0001:000DEB4A   524 0001:000DEB57
   525 0001:000DEB64   528 0001:000DEB76   529 0001:000DEB83   530 0001:000DEB90
   531 0001:000DEB9D   532 0001:000DEBAA   533 0001:000DEBB7   536 0001:000DEBD5
   537 0001:000DEBE2   538 0001:000DEBEF   539 0001:000DEBFC   540 0001:000DEC09
   543 0001:000DEC16   544 0001:000DEC1F   548 0001:000DEC64   549 0001:000DEC7C
   552 0001:000DEC80   553 0001:000DEC83   554 0001:000DEC93   556 0001:000DECA0
   557 0001:000DECAD   559 0001:000DECC9   563 0001:000DED04   564 0001:000DED07
   565 0001:000DED1E   568 0001:000DED28   569 0001:000DED35   570 0001:000DED42
   571 0001:000DED4F   572 0001:000DED5C   573 0001:000DED69   577 0001:000DED78
   578 0001:000DED8F   581 0001:000DED99   582 0001:000DEDA6   583 0001:000DEDB3
   584 0001:000DEDC0   585 0001:000DEDCD   586 0001:000DEDDA   588 0001:000DEDE9
   590 0001:000DEDF0   593 0001:000DEDF4   594 0001:000DEDF9   595 0001:000DEE00
   597 0001:000DEE26   598 0001:000DEE43   599 0001:000DEE60   600 0001:000DEE7D
   601 0001:000DEE9A   604 0001:000DEEA6   605 0001:000DEEB3   606 0001:000DEEC0
   607 0001:000DEECD   608 0001:000DEEDA   609 0001:000DEF3A   610 0001:000DEF4C
   611 0001:000DEF5E   613 0001:000DEF6E   614 0001:000DEFCE   615 0001:000DEFE0
   616 0001:000DEFF2   618 0001:000DF002   619 0001:000DF062   620 0001:000DF074
   621 0001:000DF086   623 0001:000DF096   624 0001:000DF0F6   625 0001:000DF108
   626 0001:000DF11A   628 0001:000DF12A   630 0001:000DF131   633 0001:000DF17C
   634 0001:000DF19A   635 0001:000DF1A7   636 0001:000DF1C4   637 0001:000DF25D
   639 0001:000DF30F   643 0001:000DF3B4   644 0001:000DF3B9   648 0001:000DF3BC
   649 0001:000DF3C1   652 0001:000DF3C4   653 0001:000DF3C8   654 0001:000DF3D7
   655 0001:000DF418   656 0001:000DF434   657 0001:000DF443   658 0001:000DF484
   659 0001:000DF4A0   660 0001:000DF4AF   661 0001:000DF4F0   664 0001:000DF50C
   667 0001:000DF548   668 0001:000DF566   669 0001:000DF573   670 0001:000DF590
   671 0001:000DF629   673 0001:000DF6DB   676 0001:000DF780   677 0001:000DF79E
   678 0001:000DF7AB   679 0001:000DF7C8   680 0001:000DF861   682 0001:000DF913
   685 0001:000DF9B8   686 0001:000DF9D6   687 0001:000DF9E3   688 0001:000DFA00
   689 0001:000DFA99   691 0001:000DFB4B   694 0001:000DFBF0   695 0001:000DFC12
   697 0001:000DFD53   698 0001:000DFD6B   699 0001:000DFD9D   700 0001:000DFDA9
   702 0001:000DFDB4   704 0001:000DFDF2   708 0001:000DFEC0   709 0001:000DFEE2
   711 0001:000DFEF8   712 0001:000DFF55   713 0001:000DFFBC   714 0001:000E0027
   716 0001:000E0084   717 0001:000E00AF   721 0001:000E00F4   722 0001:000E0116
   724 0001:000E0149   725 0001:000E01A6   726 0001:000E020D   727 0001:000E0278
   729 0001:000E02D5   730 0001:000E0300   733 0001:000E0344   734 0001:000E0363
   735 0001:000E0389   737 0001:000E03F4   738 0001:000E0410   740 0001:000E0415
   742 0001:000E046C   743 0001:000E0484   744 0001:000E04BF   745 0001:000E04E2
   748 0001:000E04F3   749 0001:000E050B   750 0001:000E0546   751 0001:000E0569
   754 0001:000E0597   757 0001:000E064C   758 0001:000E0669   759 0001:000E068F
   761 0001:000E06FA   762 0001:000E0716   764 0001:000E071B   766 0001:000E0739
   767 0001:000E077A   769 0001:000E07BB   770 0001:000E07E4   773 0001:000E08D0
   774 0001:000E08D3   775 0001:000E08E7   776 0001:000E08FC   777 0001:000E091D
   786 0001:000E0926   789 0001:000E0928   791 0001:000E092B   792 0001:000E0942
   793 0001:000E0959   795 0001:000E0962   799 0001:000E0964   800 0001:000E097C
   801 0001:000E0988   806 0001:000E098C   809 0001:000E09B9   810 0001:000E09BF
   811 0001:000E09CC   812 0001:000E09D3   813 0001:000E09DA   814 0001:000E09EF
   815 0001:000E09F6   816 0001:000E0A07   819 0001:000E0A69   820 0001:000E0AC7
   821 0001:000E0AD8   823 0001:000E0BD2   825 0001:000E0BE3   826 0001:000E0BEE
   827 0001:000E0BF8   828 0001:000E0C02   830 0001:000E0C34   834 0001:000E0D84
   835 0001:000E0D93   837 0001:000E0DA0   839 0001:000E0DAA   841 0001:000E0DB7
   843 0001:000E0DC1   844 0001:000E0DDF   845 0001:000E0E95   843 0001:000E0EB7
   847 0001:000E0EC0   848 0001:000E0EC5   853 0001:000E0EF8   854 0001:000E0F0B
   855 0001:000E0F11   858 0001:000E0F22   859 0001:000E0F2E   861 0001:000E0F3B
   862 0001:000E0F45   863 0001:000E0F63   864 0001:000E101D   862 0001:000E103F
   867 0001:000E1046   871 0001:000E1078   872 0001:000E1084   876 0001:000E1088
   877 0001:000E10D1   879 0001:000E111E   880 0001:000E116D   881 0001:000E117C
   882 0001:000E11BD   889 0001:000E11F8   890 0001:000E1224   891 0001:000E1244
   892 0001:000E124F   893 0001:000E125D   894 0001:000E1264   895 0001:000E1272
   896 0001:000E1283   900 0001:000E12BD   901 0001:000E12C5   904 0001:000E12EE
   906 0001:000E1399   908 0001:000E14A0   910 0001:000E152D   911 0001:000E1587
   912 0001:000E165E   913 0001:000E1686   918 0001:000E16AE   919 0001:000E177D
   920 0001:000E178C   921 0001:000E17A0   925 0001:000E17D8   926 0001:000E17FF
   927 0001:000E1801   931 0001:000E180E   932 0001:000E182E   933 0001:000E1900
   934 0001:000E1925   935 0001:000E194A   937 0001:000E194C   938 0001:000E195D
   939 0001:000E196C   940 0001:000E197E   941 0001:000E19C4   942 0001:000E19D5
   946 0001:000E19E9   947 0001:000E1A37   948 0001:000E1A40   949 0001:000E1A76
   951 0001:000E1AAA   952 0001:000E1AAF   954 0001:000E1AD9   955 0001:000E1B28
   956 0001:000E1B46   957 0001:000E1C73   958 0001:000E1DF5   960 0001:000E1F7C
   961 0001:000E1F8D   962 0001:000E1F9C   963 0001:000E1FAE   964 0001:000E1FFB
   965 0001:000E200C   966 0001:000E201B   967 0001:000E21C4   969 0001:000E21D5
   970 0001:000E234B   972 0001:000E24C1   944 0001:000E24D0   974 0001:000E24E7
   979 0001:000E24F8   902 0001:000E252C   981 0001:000E25AC   982 0001:000E25D3
   984 0001:000E25E4   985 0001:000E25E6   986 0001:000E25F4   987 0001:000E2605
   988 0001:000E2616   990 0001:000E2BE3   993 0001:000E2F34   994 0001:000E2F38
   995 0001:000E2F56  1001 0001:000E2F5C  1002 0001:000E2F89  1003 0001:000E2FA9
  1004 0001:000E2FB4  1005 0001:000E2FC2  1006 0001:000E2FC9  1007 0001:000E2FD7
  1008 0001:000E2FE8  1012 0001:000E3022  1013 0001:000E302A  1016 0001:000E3053
  1018 0001:000E30DD  1020 0001:000E31E4  1021 0001:000E324B  1022 0001:000E3297
  1026 0001:000E32E3  1027 0001:000E330A  1028 0001:000E330C  1032 0001:000E3319
  1033 0001:000E3339  1034 0001:000E340B  1035 0001:000E3430  1036 0001:000E3455
  1038 0001:000E3457  1039 0001:000E3468  1040 0001:000E3477  1041 0001:000E3489
  1042 0001:000E34FD  1043 0001:000E350E  1047 0001:000E3522  1048 0001:000E3570
  1049 0001:000E3579  1050 0001:000E35AF  1052 0001:000E35E3  1053 0001:000E35E8
  1055 0001:000E3612  1056 0001:000E3661  1057 0001:000E367F  1059 0001:000E37AC
  1060 0001:000E392E  1061 0001:000E3B30  1062 0001:000E3CA6  1064 0001:000E3E1C
  1045 0001:000E3E2B  1066 0001:000E3E42  1071 0001:000E3E53  1014 0001:000E3E87
  1073 0001:000E3F07  1074 0001:000E3F2E  1076 0001:000E3F3F  1077 0001:000E3F41
  1078 0001:000E3F4F  1079 0001:000E3F60  1081 0001:000E441A  1085 0001:000E4714
  1086 0001:000E4734  1087 0001:000E4767  1088 0001:000E479A  1089 0001:000E47EE
  1092 0001:000E481C  1093 0001:000E481F  1094 0001:000E4837  1097 0001:000E483C
  1098 0001:000E4858  1099 0001:000E4887  1101 0001:000E48F2  1102 0001:000E490E
  1105 0001:000E4913  1106 0001:000E492B  1107 0001:000E4966  1108 0001:000E4989
  1109 0001:000E4995  1110 0001:000E49AD  1111 0001:000E49D3  1112 0001:000E4A01
  1116 0001:000E4AA4  1117 0001:000E4AAD  1118 0001:000E4AAF  1119 0001:000E4ACE
  1121 0001:000E4AF8  1122 0001:000E4AFD  1123 0001:000E4AFF  1118 0001:000E4B00
  1124 0001:000E4B03  1126 0001:000E4B0C  1127 0001:000E4B24  1129 0001:000E4B32
  1131 0001:000E4B50  1138 0001:000E4B84  1139 0001:000E4BAC  1140 0001:000E4BCC
  1142 0001:000E4BD1  1143 0001:000E4BE9  1144 0001:000E4C14  1145 0001:000E4C52
  1146 0001:000E4CE4  1147 0001:000E4CF0  1148 0001:000E4D13  1149 0001:000E4D29
  1150 0001:000E4D45  1140 0001:000E4D46  1151 0001:000E4D4F  1152 0001:000E4D97
  1155 0001:000E4E28  1156 0001:000E4E2B  1157 0001:000E4E66  1160 0001:000E4E80
  1161 0001:000E4E9A  1163 0001:000E4EEB  1164 0001:000E4F07  1165 0001:000E4F10
  1166 0001:000E4F56  1170 0001:000E4FF8  1171 0001:000E4FFD  1174 0001:000E5000
  1175 0001:000E501B  1176 0001:000E509E  1179 0001:000E50DC  1180 0001:000E50F8
  1181 0001:000E5182  1182 0001:000E518B  1183 0001:000E51DE  1186 0001:000E5264
  1187 0001:000E527D  1188 0001:000E5297  1189 0001:000E52E4  1190 0001:000E52ED
  1191 0001:000E532B  1194 0001:000E53B4  1195 0001:000E53B7  1197 0001:000E53E6
  1198 0001:000E53F3  1199 0001:000E5400  1200 0001:000E540D  1203 0001:000E5418
  1204 0001:000E5425  1205 0001:000E5432  1208 0001:000E5441  1209 0001:000E544E
  1210 0001:000E545B  1213 0001:000E5468  1217 0001:000E5490  1218 0001:000E5497
  1221 0001:000E5498  1222 0001:000E549B  1223 0001:000E54B5  1224 0001:000E54BD
  1229 0001:000E54F8  1237 0001:000E5527  1239 0001:000E5559  1240 0001:000E5570
  1243 0001:000E558C  1244 0001:000E55C4  1245 0001:000E55E5  1246 0001:000E55FF
  1247 0001:000E5637  1248 0001:000E5658  1251 0001:000E5677  1252 0001:000E56BB
  1253 0001:000E56FB  1254 0001:000E5717  1255 0001:000E5757  1256 0001:000E5797
  1257 0001:000E57D4  1258 0001:000E5811  1260 0001:000E584C  1263 0001:000E5890
  1264 0001:000E58AA  1265 0001:000E58DB  1266 0001:000E591E  1269 0001:000E597E
  1270 0001:000E599B  1273 0001:000E59B8  1274 0001:000E59C3  1275 0001:000E59D1
  1276 0001:000E5A36  1279 0001:000E5B48  1280 0001:000E5B4B  1282 0001:000E5B5E
  1283 0001:000E5B6B  1286 0001:000E5B7A  1287 0001:000E5B87  1289 0001:000E5B94
  1295 0001:000E5B98  1296 0001:000E5BB8  1297 0001:000E5BF0  1298 0001:000E5C09
  1299 0001:000E5C30  1300 0001:000E5C57  1301 0001:000E5C99  1302 0001:000E5CDB
  1303 0001:000E5CE2  1304 0001:000E5D08  1305 0001:000E5D1A  1307 0001:000E5D2A
  1308 0001:000E5D44  1310 0001:000E5D52  1311 0001:000E5D5F  1312 0001:000E5D6C
  1314 0001:000E5DA6  1318 0001:000E5ED0  1319 0001:000E5EEC  1320 0001:000E5F1D
  1322 0001:000E5F37  1323 0001:000E5F6F  1324 0001:000E5F85  1325 0001:000E5F8C
  1326 0001:000E5FA8  1328 0001:000E5FB4  1329 0001:000E5FE5  1333 0001:000E60FC
  1334 0001:000E6118  1335 0001:000E6149  1337 0001:000E6163  1338 0001:000E619B
  1339 0001:000E61B1  1340 0001:000E61B8  1341 0001:000E61D4  1343 0001:000E61E0
  1344 0001:000E6211  1349 0001:000E6324  1350 0001:000E6342  1351 0001:000E637A
  1352 0001:000E6393  1353 0001:000E63AC  1354 0001:000E6406  1355 0001:000E640D
  1356 0001:000E643A  1369 0001:000E6456  1370 0001:000E6483  1371 0001:000E649D
  1372 0001:000E64BA  1373 0001:000E64D8  1374 0001:000E6523  1379 0001:000E6714
  1380 0001:000E6732  1381 0001:000E676A  1382 0001:000E6783  1383 0001:000E679C
  1384 0001:000E67A3  1385 0001:000E67FD  1386 0001:000E682A  1399 0001:000E6846
  1400 0001:000E6873  1401 0001:000E688D  1402 0001:000E68AA  1403 0001:000E68C8
  1404 0001:000E6913  1408 0001:000E6A60  1409 0001:000E6A7B  1410 0001:000E6A8E
  1412 0001:000E6AAC  1413 0001:000E6ABA  1414 0001:000E6ADC  1415 0001:000E6AF2
  1416 0001:000E6B00  1417 0001:000E6B17  1418 0001:000E6B37  1419 0001:000E6B55
  1422 0001:000E6BA0  1427 0001:000E6C38  1428 0001:000E6C54  1429 0001:000E6C8C
  1430 0001:000E6CA5  1431 0001:000E6CAC  1432 0001:000E6CD2  1433 0001:000E6CE4
  1435 0001:000E6D16  1438 0001:000E6D8C  1439 0001:000E6D8F  1440 0001:000E6D9C
  1443 0001:000E6DA0  1444 0001:000E6DA3  1445 0001:000E6DB0  1448 0001:000E6DB4
  1449 0001:000E6DB7  1450 0001:000E6DC4  1453 0001:000E6DC8  1454 0001:000E6DCB
  1455 0001:000E6DD8  1458 0001:000E6DDC  1459 0001:000E6DDF  1460 0001:000E6DEC
  1463 0001:000E6DF0  1464 0001:000E6DF3  1465 0001:000E6E0A  1466 0001:000E6E15
  1467 0001:000E6E20  1468 0001:000E6E4B  1469 0001:000E6E56  1470 0001:000E6E61
  1471 0001:000E6E6C  1472 0001:000E6E77  1475 0001:000E6E80  1478 0001:000E6E84
  1479 0001:000E6E88  1481 0001:000E6EAA  1482 0001:000E6EB7  1483 0001:000E6EC4
  1484 0001:000E6ED1  1487 0001:000E6EE0  1488 0001:000E6EED  1489 0001:000E6EFA
  1490 0001:000E6F07  1492 0001:000E6F14  1493 0001:000E6F37  1494 0001:000E6F54
  1498 0001:000E6F58  1503 0001:000E6F73  1507 0001:000E6F74  1508 0001:000E6F93
  1509 0001:000E6FA6  1510 0001:000E6FC4  1512 0001:000E7021  1513 0001:000E7059
  1514 0001:000E7089  1515 0001:000E7090  1516 0001:000E70AC  1519 0001:000E7102
  1523 0001:000E71F8  1524 0001:000E7217  1525 0001:000E722A  1526 0001:000E7248
  1528 0001:000E72A5  1529 0001:000E72DD  1530 0001:000E730D  1531 0001:000E7314
  1532 0001:000E7330  1534 0001:000E7386  1538 0001:000E747C  1539 0001:000E7496
  1540 0001:000E74CE  1541 0001:000E74F8  1542 0001:000E7522  1543 0001:000E7529
  1544 0001:000E7567  1548 0001:000E75F8  1549 0001:000E7621  1550 0001:000E762B
  1552 0001:000E7671  1553 0001:000E768C  1554 0001:000E76AC  1555 0001:000E76C8
  1556 0001:000E7737  1558 0001:000E7763  1562 0001:000E778C  1563 0001:000E77A8
  1564 0001:000E77D9  1566 0001:000E77F3  1567 0001:000E782B  1568 0001:000E7841
  1569 0001:000E7848  1570 0001:000E7864  1572 0001:000E7870  1573 0001:000E78A1
  1577 0001:000E79B8  1578 0001:000E79D4  1579 0001:000E7A05  1581 0001:000E7A1F
  1582 0001:000E7A57  1583 0001:000E7A6D  1584 0001:000E7A74  1585 0001:000E7A90
  1587 0001:000E7A9C  1588 0001:000E7ACD  1591 0001:000E7BE0  1592 0001:000E7BE3
  1593 0001:000E7BFD  1596 0001:000E7C20  1597 0001:000E7C42  1599 0001:000E7D83
  1600 0001:000E7D9B  1601 0001:000E7DCD  1602 0001:000E7DD9  1604 0001:000E7DE4
  1606 0001:000E7E22  1610 0001:000E7EFC  1611 0001:000E7F33  1612 0001:000E7F44
  1614 0001:000E7F69  1615 0001:000E7F7F  1616 0001:000E7FD5  1617 0001:000E7FF3
  1618 0001:000E801F  1619 0001:000E804B  1621 0001:000E8075  1622 0001:000E8089
  1623 0001:000E80C2  1625 0001:000E80FA  1627 0001:000E8168  1627 0001:000E816F

Line numbers for uSplash(uSplash.pas) segment .text

    30 0001:000E832C    31 0001:000E8339    35 0001:000E833C    36 0001:000E8356
    37 0001:000E838E    38 0001:000E83BA    39 0001:000E83C1    40 0001:000E83F0
    42 0001:000E8460    42 0001:000E8467

Line numbers for Worker(F:\Программирование\Projects\Berdiansk\Worker.dpr) segment .text

    18 0001:000E87F8    19 0001:000E8816    20 0001:000E881D    22 0001:000E8829
    23 0001:000E8839    25 0001:000E8840    27 0001:000E884C    26 0001:000E8853
    29 0001:000E8861    30 0001:000E8868    31 0001:000E886F    32 0001:000E8882
    33 0001:000E8895    34 0001:000E88A8    35 0001:000E88AF

Bound resource files

c:\program files (x86)\borland\delphi7\Lib\Buttons.res
c:\program files (x86)\borland\delphi7\Lib\ExtDlgs.res
c:\program files (x86)\borland\delphi7\Lib\Controls.res
c:\program files (x86)\borland\delphi7\Lib\SPIN.RES
c:\program files (x86)\borland\delphi7\Lib\MPlayer.res
uAudio.dfm
uTxt.dfm
uData.dfm
uLogin.dfm
uQuest.dfm
uClient.dfm
uFind.dfm
uClientU.dfm
uMain.dfm
uSplash.dfm
Worker.res
Worker.drf


Program entry point at 0001:000E87F8
